Best Powers:
13
14
15
16
19
24
Best Positions:
(0,3)
(1,0)
(1,15)
(3,3)
(13,1)
(21,18)
Power Map:
-5 13 5 11 -5 10 3 0 1 -11 -10 -8 0 5 -17 -14 -13 -8 0 0 -6 13 
10 -17 13 1 2 -4 0 2 4 9 -10 -12 -9 15 0 11 2 -5 -7 -15 13 7 
9 0 5 0 1 -1 10 15 9 0 -3 -5 -4 -1 -13 5 -11 3 -1 5 -5 -3 
19 -2 -5 14 -10 -1 -12 -4 6 -13 -11 -8 -15 -3 -2 -7 -7 -7 19 -2 -7 8 
-2 10 -6 2 -7 3 -8 -4 -1 0 9 5 -5 -5 8 1 -2 -4 -2 10 -6 2 
5 -4 7 6 -3 7 4 -8 -2 6 3 5 -5 -2 -4 -3 5 -3 5 -4 7 6 
0 6 -18 2 6 -6 -5 -8 1 8 10 -2 0 -1 8 2 -1 8 0 6 -18 2 
15 -11 -4 6 4 7 -9 -10 0 -7 -7 10 -7 -6 5 6 -10 3 15 -11 -4 6 
10 -19 -6 1 -5 8 -5 -1 -7 9 8 3 10 0 5 3 2 10 10 -19 -6 1 
11 11 3 -7 0 -7 9 -10 -9 10 7 -10 3 7 -10 9 6 -10 11 11 3 -7 
13 2 -12 -3 0 5 5 2 -2 -1 -6 -1 -4 -4 -8 3 1 3 13 2 -12 -3 
-19 -2 14 3 -8 -8 7 -5 5 10 -3 0 8 10 -6 1 7 10 -19 -2 14 3 
-14 6 -1 -12 -8 -3 3 -4 8 -10 -7 8 -1 -6 2 8 8 -2 -14 6 -1 -12 
5 11 4 -3 5 -8 -5 0 7 1 -6 -6 4 3 3 -10 -1 6 5 11 4 -3 
-2 1 -8 -11 1 -5 10 -9 7 -9 -1 0 -8 10 8 4 2 0 -2 1 -8 -11 
6 16 -10 8 6 9 -8 1 -2 2 4 9 -4 6 9 -3 1 -3 6 16 -10 8 
12 13 0 -12 -2 8 8 8 -3 -4 9 6 -9 5 -1 -10 -6 -7 12 13 0 -12 
-15 9 2 2 5 -10 0 -4 7 7 -3 2 -9 0 4 -2 10 -3 -15 9 2 2 
-16 -2 -1 12 -5 10 3 0 1 -11 -10 -8 0 5 -17 -14 -13 -8 -9 7 14 24 
9 -14 8 -9 2 -4 0 2 4 9 -10 -12 -9 15 0 11 2 -5 -9 -23 8 -5 
0 14 -1 -11 1 -1 10 15 9 0 -3 -5 -4 -1 -13 5 -11 3 -11 -4 10 8 
15 -5 -19 12 -10 -1 -12 -4 6 -13 -11 -8 -15 -3 -2 -7 -7 -7 13 9 -14 11 
Type Map:
0 0 0 0 0 0 0 0 0 0 0 0 0 0 0 0 0 0 0 0 0 0 0 0 
0 n h p p n p p z p n n n z p n n n n z z n p 0 
0 p n p p p n z p p p n n n h z p p n n n p p 0 
0 p z p z p n p p p z n n n n n p n p n p n n 0 
0 h n n h n n n n p n n n n n n n n n p n n p 0 
0 n p n p n p n n n z p p n n p p n n n p n p 0 
0 p n p p n p p n n p p p n n n n p n p n p p 0 
0 z p n p p n n n p p p n z n p p n p z p n p 0 
0 p n n p p p n n z n n p n n p p n p p n n p 0 
0 p n n p n p n n n p p p p z p p p p p n n p 0 
0 p p p n z n p n n p p n p p n p p n p p p n 0 
0 p p n n z p p p n n n n n n n p p p p p n n 0 
0 n n p p n n p n p p n z p p n p p p n n p p 0 
0 n p n n n n p n p n n p n n p p p n n p n n 0 
0 p p p n p n n z p p n n p p p n n p p p p n 0 
0 n p n n p n p n p n n z n p p p p z n p n n 0 
0 p h n p p p n p n p p p n p p n p n p p n p 0 
0 p p z n n p p p n n p p n p n n n n p p z n 0 
0 n p p p p n z n p p n p n z p n p n n p p p 0 
0 n n n p n p p z p n n n z p n n n n n p p h 0 
0 p n p n p n z p p p n n n p z p p n n n p n 0 
0 z p n n p n p p p z n n n n n p n p n n p p 0 
0 p n n p n n n n p n n n n n n n n n p p n p 0 
0 0 0 0 0 0 0 0 0 0 0 0 0 0 0 0 0 0 0 0 0 0 0 0 
Treasure Value:
Average: 16.83
Median: 15.50
19 24 
