Best Powers:
6
7
8
9
10
Best Positions:
(1,1)
(6,0)
(8,0)
(10,1)
(16,0)
Power Map:
-6 -5 -4 -5 2 -10 9 0 6 -7 -3 3 5 5 0 1 8 6 -3 0 4 -8 6 -2 -1 5 -4 -8 
-1 7 -5 7 -4 -6 -3 -3 4 -9 10 -10 5 -1 -9 -10 -3 3 9 6 8 -3 -5 -6 9 4 4 7 
3 3 5 -10 -4 9 -5 -9 7 -5 -6 -9 7 7 -8 7 6 -3 5 5 -9 5 9 3 0 2 7 5 
5 -9 4 -5 -4 -8 1 -2 -10 9 -10 2 -7 -4 -8 1 0 1 10 2 3 -10 -6 -6 10 -10 -3 -7 
-7 0 8 1 4 10 6 8 9 5 1 5 1 3 -10 -8 5 -10 -1 8 -8 1 -7 0 4 -9 0 10 
7 7 7 -10 -7 -8 -10 1 5 3 6 -4 -7 -5 8 5 -5 -9 -6 -3 0 6 6 4 8 5 8 -9 
5 -4 -5 -9 -1 -1 -5 0 3 6 -3 7 0 8 2 0 5 -3 -7 -2 -9 -10 0 -6 -6 6 10 10 
4 3 -3 -5 1 1 -2 1 1 8 7 -1 7 -6 -9 -7 8 -3 -2 -1 1 -3 -1 10 -1 4 10 6 
2 -3 0 -5 -4 10 7 3 -7 -6 -8 10 8 10 -2 9 3 7 4 9 0 -6 -10 3 -5 -3 3 -10 
-9 7 7 4 -10 -5 6 -4 6 5 -9 1 4 5 -5 -2 4 9 2 1 -4 -2 -7 5 3 7 9 7 
-10 -2 -7 4 -6 10 9 -5 9 6 2 -5 -1 7 5 6 -10 -8 -10 6 10 -4 -2 0 5 -7 3 -8 
3 6 -4 -8 3 9 -8 4 -7 -1 -2 8 6 -5 -2 -1 4 0 -7 7 -6 -9 -7 6 9 0 -1 6 
8 -1 5 -6 0 6 9 0 2 1 8 1 -2 -4 0 8 2 -4 7 9 -4 2 -7 5 5 8 1 -3 
5 -1 0 4 10 -6 -5 9 1 -9 1 1 -10 -5 -4 5 -6 -4 3 -7 -6 2 -8 2 -10 -5 10 0 
-8 2 -3 -6 9 -3 -3 -9 4 10 -10 1 -10 -5 -6 3 -3 -5 4 -7 7 4 -10 7 -2 -8 -6 2 
-5 -2 -4 4 -6 -4 8 -1 2 -8 10 2 2 3 -7 4 10 1 -3 -7 -6 8 -2 8 8 -2 5 6 
2 -10 -2 5 -8 5 -7 -4 -2 -2 3 -5 4 3 4 9 4 -9 -7 -7 7 6 -9 0 -3 -5 1 6 
-3 6 1 -10 -10 8 -1 -10 -10 -2 -1 -9 -10 9 -4 -6 -5 2 10 -8 3 -3 -9 3 2 -2 4 -8 
-3 8 -10 -10 5 10 -1 -7 -9 3 -4 -10 6 -4 5 -9 1 -1 4 8 -4 -4 -3 9 -1 9 10 -4 
9 -6 0 -9 -8 -3 2 5 5 1 -3 -3 10 10 -5 -7 1 -4 4 -7 -7 0 -3 7 -3 6 0 9 
-10 1 -1 4 3 9 0 5 -9 10 7 4 3 -6 6 2 8 -10 4 -10 -9 8 1 8 -8 3 -7 9 
3 4 -9 1 0 -4 3 -9 -10 -2 -1 2 8 9 4 -7 8 10 1 -2 2 -10 4 8 2 7 5 -9 
-4 0 3 0 -10 -8 -2 1 -8 -7 4 5 2 -7 8 8 4 -6 -2 -1 2 -9 4 -9 -3 6 1 6 
8 1 -4 -8 9 2 -3 3 -6 6 6 -9 10 7 -9 -2 4 -4 5 5 0 6 3 -6 2 4 6 5 
-9 7 -2 -10 6 0 -10 -3 2 -3 -5 2 -4 -6 8 9 6 -5 -7 5 -7 -9 5 3 -6 -8 1 -8 
1 7 7 7 1 9 -7 6 6 3 9 1 -6 6 10 10 3 4 9 8 2 2 8 -4 10 -9 -5 1 
3 5 5 10 4 -8 7 10 -2 -1 -7 0 2 -5 -9 7 -7 5 0 -10 -7 -6 -6 -7 -8 -1 -8 -4 
4 7 9 7 9 1 -2 2 1 -6 -3 5 -6 6 -6 -8 -8 -7 6 -3 -6 -7 -5 5 9 -5 3 -9 
Type Map:
0 0 0 0 0 0 0 0 0 0 0 0 0 0 0 0 0 0 0 0 0 0 0 0 0 0 0 0 0 0 
0 n n n n p n h z h n n p p p z p h p n z p n p n n p n n 0 
0 n h n p n n n n p n h n p n n n n p p p p n n n p p p p 0 
0 p p p n n p n n p n n n p p n p p n p p n p p p z p p p 0 
0 p n p n n n p n n p n p n n n p z p p p p n n n p n n n 0 
0 n z p p p p p p p p p p p p n n p n n p n p n z p n z p 0 
0 p p p n n n n p p p p n n n p p n n n n z p p p p p p n 0 
0 p n n n n n n z p p n p z p p z p n n n n n z n n p p p 0 
0 p p n n p p n p p p p n p n n n p n n n p n n p n p p p 0 
0 p n z n n p p p n n n p p p n p p p p p z n n p n n p n 0 
0 n p p p n n p n p p n p p p n n p p p p n n n p p p p p 0 
0 n n n p n p p n p p p n n p p p n n n p p n n z p n p n 0 
0 p p n n p p n p n n n p p n n n p z n p n n n p p z n p 0 
0 p n p n z p p z p p p p n n z p p n p p n p n p p p p n 0 
0 p n z p p n n p p n p p n n n p n n p n n p n p n n p z 0 
0 n p n n p n n n p p n p n n n p n n p n p p n p n n n p 0 
0 n n n p n n p n p n p p p p n p p p n n n p n p p n p p 0 
0 p n n p n p n n n n p n p p p p p n n n p p n z n n p p 0 
0 n p p n n p n n n n n n n p n n n p p n p n n p p n p n 0 
0 n p n n p p n n n p n n p n p n p n p p n n n p n p p n 0 
0 p n z n n n p p p p n n p p n n p n p n n z n p n p z p 0 
0 n p n p p p z p n p p p p n p p p n p n n p p p n p n p 0 
0 p p n p z n p n n n n p p p p n p p p n p n p p p p p n 0 
0 n z p z n n n p n n p p p n p p p n n n p n p n n p p p 0 
0 p p n n p p n p n p p n p p n n p n p p z p p n p p p p 0 
0 n p n n p z n n p n n p n n p p p n n p n n p p n n p n 0 
0 p p p p p p n p p p p p n p p p p p p p p p p n p n n p 0 
0 p p p p p n p p n n n z p n n p n p z n n n n n n n n n 0 
0 p p p p p p n p p n n p n p n n n n p n n n n p p n p n 0 
0 0 0 0 0 0 0 0 0 0 0 0 0 0 0 0 0 0 0 0 0 0 0 0 0 0 0 0 0 0 
Treasure Value:
Average: 8.00
Median: 8.00
9 10 
