Best Powers:
12
13
14
15
16
17
18
19
20
21
22
23
24
25
26
27
28
29
30
31
32
33
34
35
36
38
Best Positions:
(1,0)
(9,0)
(11,4)
(12,1)
(17,0)
(17,18)
(18,0)
(18,1)
(18,4)
(19,0)
(19,1)
(21,46)
(26,0)
(27,1)
(29,1)
(32,29)
(35,1)
(36,20)
(42,0)
(42,8)
(45,7)
(45,10)
(45,15)
(45,29)
(49,12)
(71,17)
Power Map:
3 21 10 -16 3 -3 8 -10 -4 22 9 -15 3 22 2 -5 -1 19 15 14 -17 11 -24 2 5 -3 20 2 -22 5 1 19 -5 -14 15 6 -2 -37 -3 -4 -2 2 13 -2 -12 -4 5 11 9 -14 -16 1 -6 -6 0 -1 -4 -6 1 19 -17 -7 -11 3 5 -8 -7 -16 7 -16 -13 5 -13 
20 6 9 -1 5 -6 -11 5 19 -13 1 -3 17 -11 7 -16 -10 20 26 18 5 1 -4 -10 -16 17 -16 12 -8 23 -20 5 -18 -3 20 25 22 -6 7 -10 -17 -24 -7 9 18 1 -3 -8 6 -7 -3 1 19 1 -2 3 -11 -7 -26 -13 12 5 -9 -3 3 -5 -15 -1 14 -6 2 -3 14 
5 2 5 -2 8 -18 -4 -14 -13 -13 -7 -16 6 -1 3 -8 1 -4 -12 -5 6 10 -14 11 -11 0 6 -15 -24 -17 4 17 -13 -8 8 -12 9 5 15 7 6 6 -9 6 -11 -25 2 8 4 4 7 7 -5 -3 12 11 4 22 11 -21 12 -11 -25 -5 -4 0 3 -9 0 20 4 15 -9 
-1 -3 -6 -10 0 -17 1 14 -7 1 -14 -1 5 15 -22 -10 11 -1 -16 5 -2 -4 -5 8 18 -21 10 4 -8 -3 -4 -11 -16 -5 -2 -3 5 -6 -11 4 -16 4 -10 -12 19 -23 -15 -14 -3 -9 7 2 18 15 -5 -12 9 -5 9 -1 -3 6 -2 -15 -7 -6 -3 9 0 26 4 -2 18 
5 26 14 7 14 11 2 -16 -5 4 4 16 -4 -14 -11 0 -2 4 28 -3 -9 1 10 6 -15 -7 5 4 20 2 -1 -5 -12 -6 7 23 -3 -4 -1 15 3 -5 -11 -5 6 3 0 0 -6 -8 6 5 6 1 -10 11 1 -13 16 0 -6 -8 3 6 8 -4 -18 6 3 -1 8 -3 10 
10 10 10 10 -16 3 -13 -3 -2 4 7 -2 -5 -6 -2 -9 -1 8 15 11 14 -7 2 -17 0 8 18 19 18 18 -1 3 1 -4 21 8 -7 14 0 4 0 9 9 1 25 -7 0 -11 18 4 12 7 -16 10 -1 -16 5 -2 -2 17 -3 20 1 -2 -3 1 -1 7 -6 13 -2 -3 -1 
-7 -11 10 -17 -21 -6 -5 4 -4 -18 9 19 15 -17 -18 -7 -1 7 -6 0 -12 -27 -18 -4 -2 19 -13 8 8 17 -16 -6 -20 5 -19 -14 -10 8 -35 -1 -3 1 2 15 3 -2 -1 -18 6 -11 19 -1 -7 -4 1 -8 1 5 0 -2 7 7 -6 2 -12 20 -23 17 -6 -3 5 1 -9 
-18 3 -6 -3 -11 -13 -19 -13 16 -2 -14 7 4 -2 11 -1 2 -15 13 -6 -1 -24 -1 -8 -10 18 -16 -17 18 -3 -9 2 -9 -13 -3 -9 14 -11 -6 7 10 -15 9 3 -2 32 0 14 1 -10 -17 -8 9 8 0 5 18 13 -7 -6 -4 23 20 -15 8 -7 -3 -24 -6 -5 6 7 11 
2 3 2 5 -9 -12 -14 -3 10 4 -9 17 -15 -27 -8 -12 5 -2 4 -6 2 -9 0 5 -5 9 12 6 8 -11 -10 4 -30 6 -6 -10 -15 1 0 12 -4 -6 24 -8 2 11 13 -10 -5 -2 15 -7 -7 0 6 -4 5 -4 -2 18 14 6 1 10 7 5 -4 0 -11 -17 -5 25 11 
10 3 6 -7 -1 18 5 3 2 -7 9 -3 10 8 25 -10 9 2 0 -12 -3 3 12 -2 5 -5 -22 -2 -7 2 -3 18 7 12 9 4 10 -8 -13 14 10 13 -3 -11 8 -2 2 25 15 1 -2 -3 -9 11 -26 -22 11 12 4 -12 -8 17 13 8 6 -4 1 -3 3 -14 6 -13 -2 
7 0 -17 2 18 -7 -7 -7 7 -5 1 6 7 2 -2 7 1 -18 -5 -18 -16 9 -4 -10 -3 9 6 -18 19 16 2 3 5 -2 -18 8 -35 0 -3 -8 13 1 -17 10 -5 30 -14 -20 -3 -8 3 -11 20 -22 -8 -1 -15 19 4 5 25 -8 26 -4 -12 -15 -8 -4 7 19 -4 -10 -2 
6 -7 8 7 -14 -19 14 -5 -3 7 -8 3 -13 0 12 14 -13 -6 -13 26 -13 -8 -19 16 -15 -8 11 -12 -10 -20 -10 28 1 2 20 1 18 4 -7 2 8 -26 15 15 -20 -4 -20 -8 10 5 -9 -2 -1 6 -1 7 11 -9 -21 7 21 -7 2 -15 6 8 -2 -15 -7 13 -11 14 -2 
11 14 9 13 -26 -4 24 4 -3 4 3 -6 -5 -11 -8 22 4 -4 18 15 16 -2 -12 17 -12 3 -11 0 10 -12 -17 -6 23 -9 -4 1 12 -3 -5 -26 -1 -33 -12 -20 -8 18 8 -17 -8 27 2 -15 -14 4 -19 19 -23 -6 -11 -8 -5 12 24 3 -7 -17 15 3 -12 0 11 -17 0 
-9 -5 10 11 7 18 6 0 -19 22 12 -5 1 -16 5 6 -21 -5 -11 -2 7 -5 14 -1 -4 -21 16 15 21 3 9 4 20 -17 -4 -24 8 -2 2 -4 -9 -8 -7 7 26 14 -17 7 16 1 -3 -2 -8 -7 -7 -1 -8 -13 2 15 1 3 13 -14 21 1 16 7 -9 -13 8 8 20 
20 -13 -7 -9 10 -15 -16 1 -7 -8 -9 2 -5 -4 9 3 4 15 -37 5 -11 -1 -1 -21 6 -16 -4 -2 7 -5 15 6 6 19 -1 -18 14 -13 -1 -4 -21 19 -7 -13 4 -23 9 12 -18 4 8 -8 -8 10 -19 -5 17 -11 6 -4 -11 -5 2 -5 12 2 0 -10 12 -9 -2 -12 -12 
9 -8 -5 -18 -24 -17 -9 10 -2 -6 17 -3 4 8 20 -9 -3 14 -1 -5 -5 -22 -15 -4 13 3 -18 -6 17 -8 5 8 1 -13 18 18 -4 -3 -15 -22 6 -18 22 -11 -5 29 -24 24 -7 -7 -4 -5 -1 7 9 -28 -8 14 -8 22 -13 -6 11 -12 1 -14 -9 2 -10 -11 3 2 -11 
-9 7 16 7 -14 5 -6 -3 5 -8 -13 -9 10 -13 10 -9 -2 -11 -12 -7 -11 -4 -3 -16 15 8 -5 -16 -22 15 -11 18 -8 -12 -24 -7 2 -5 -6 -6 -5 14 0 5 -7 -10 2 -5 0 14 2 -24 -22 -3 6 -1 0 -14 6 7 9 -4 -1 8 5 -8 11 8 -9 -9 8 9 -21 
12 0 26 -8 -10 1 5 3 0 28 19 -24 -7 -3 1 -5 -1 4 7 13 -13 3 2 26 -1 -8 19 23 -6 -7 9 2 12 10 4 0 21 0 5 -5 7 16 -1 7 17 -11 -7 -18 -4 -1 2 -7 0 0 -6 -6 10 7 4 9 -4 7 6 -12 20 -10 -11 -8 -20 -1 -14 33 -6 
25 2 9 -21 -2 2 -9 13 14 -14 1 17 17 -4 -16 -10 -20 36 18 8 -9 12 -16 -11 -1 10 -16 27 21 16 -9 4 -14 1 9 36 5 4 -8 -4 -5 -18 7 1 23 1 12 -24 -21 -2 11 16 11 13 -10 10 -2 -12 -20 -16 4 4 0 -14 -1 -26 1 -5 14 3 1 2 -1 
-2 1 -4 -4 -1 -11 15 -13 -15 5 0 -21 2 -6 7 -3 -2 17 14 -16 -7 22 -1 9 -1 11 -10 -10 -20 3 3 -11 9 2 17 -13 -27 8 20 5 12 6 -4 15 -15 -22 -12 11 1 25 -15 2 -5 -1 9 2 6 13 13 -19 3 -12 -22 6 -13 -7 14 10 2 10 -3 10 11 
-11 -18 3 -8 8 -8 16 22 0 10 -22 3 5 24 -8 -23 16 -12 -13 8 -10 1 -1 0 9 -15 -11 -3 -6 4 7 -10 -12 4 -23 -9 31 -17 -27 4 9 4 -16 3 14 -2 -4 -16 9 -6 -11 -24 20 13 3 -1 5 -17 4 -10 -14 -1 5 -15 -10 3 -19 7 17 15 14 -5 3 
-14 27 -2 -1 13 1 3 -4 -3 5 0 8 4 -6 -4 3 -1 -2 23 -10 1 19 -5 23 -19 -24 20 -6 21 -11 5 -1 6 6 -15 8 -5 -14 2 -18 6 -3 -8 8 12 11 19 17 20 -10 1 -22 4 24 8 4 -9 2 9 -6 11 5 2 11 3 8 -9 9 -12 -6 17 11 17 
6 6 8 -1 -14 -13 -24 0 -8 11 18 3 -3 14 -10 -17 -6 20 22 17 20 4 9 -19 15 -15 2 23 -10 14 4 10 -7 -3 14 1 9 8 -6 -5 -3 2 19 8 19 -4 9 2 17 -5 8 14 18 -17 -8 -12 -14 17 -4 16 -19 24 -18 -21 0 14 -5 9 -3 6 6 -2 -25 
-7 2 19 -12 -8 0 -17 4 -4 -21 0 15 0 -9 -16 -11 9 -21 -3 10 -22 -30 -2 -26 -2 -5 -9 2 15 -8 -31 -11 4 1 -3 8 -5 -11 -8 1 -12 -18 19 14 13 4 -7 -8 10 -23 19 -16 -19 -10 -5 -11 19 -12 -2 -3 12 -8 14 -7 -17 12 -20 15 -1 0 5 -24 1 
-10 16 -16 6 -13 -10 -12 -10 19 -3 -3 -1 -9 -7 8 -5 -13 -11 7 -1 -11 -22 6 -7 4 8 -2 -27 19 1 5 -5 -13 -5 -6 10 5 -24 -25 18 -2 5 -9 -11 8 27 -12 4 -17 -20 -21 2 -19 9 -6 -11 25 7 -3 -1 9 16 13 -20 21 4 -7 -17 -13 -10 5 1 2 
-1 -15 0 12 -17 -6 -6 -18 2 24 9 23 -26 -14 -13 -20 10 -3 -21 2 19 5 -5 -1 -20 0 -14 -17 30 -18 -26 -20 -9 18 -3 -15 4 -6 -2 15 14 -7 16 15 -6 2 0 -9 0 -11 6 7 -31 9 21 10 10 -6 -21 18 1 -14 20 13 -2 -11 19 -6 -7 -21 4 6 -1 
10 -8 -8 -15 -12 4 12 -9 -11 -10 15 8 19 -1 30 -5 23 16 7 17 6 -19 17 26 -14 -3 -15 -3 0 19 26 28 13 11 5 -7 10 -15 -25 -10 17 -24 -26 -6 16 12 25 -8 14 22 26 12 -14 20 -10 -4 21 27 -2 -13 -4 11 0 25 7 15 -8 -7 -9 -20 18 -13 -8 
1 14 -9 -10 15 9 -14 12 22 5 -6 -1 10 12 -13 11 -10 -18 12 -24 9 1 9 -4 3 -3 0 -12 -1 2 2 12 -2 22 -41 12 -30 -7 -14 -9 7 19 -5 14 -21 24 9 -14 -4 -5 25 -18 28 -26 -11 -2 -9 19 14 6 6 5 27 -13 -19 0 2 22 4 28 -10 -24 7 
-11 15 16 -10 -12 -12 11 12 -3 17 -13 18 -13 -9 11 7 -12 17 13 28 -5 -18 -20 13 6 6 7 -19 13 -20 -21 14 -5 6 8 3 25 -25 -10 3 8 -9 -4 6 -9 15 1 -10 27 -12 -7 10 26 6 2 -20 -2 -5 -23 7 10 -13 21 3 -4 6 -2 -13 -6 4 2 -1 -9 
-2 21 2 25 -1 1 13 7 -1 7 6 1 -8 2 -9 20 -5 6 22 7 20 -2 3 14 -12 -12 -18 7 -8 -7 3 1 38 12 -4 -5 -3 6 30 -22 -11 -9 3 -13 14 34 -11 -9 -9 23 13 19 -3 4 1 -4 -29 -9 -19 -28 7 -6 17 6 2 -9 10 5 0 1 8 -10 8 
-5 -7 -14 3 -14 23 4 10 -18 10 16 6 10 -9 4 14 -24 -14 -22 -4 1 -4 15 5 -18 -26 26 32 -8 -3 -11 12 11 -28 21 -19 -22 -4 -16 -17 -10 -14 -4 10 7 -3 -8 24 -7 29 -11 4 -24 7 0 0 -7 -11 -7 11 2 0 -9 -8 13 15 7 -7 3 -16 10 14 2 
20 -15 9 -19 -7 -10 -11 3 -7 -19 -22 18 -23 -15 26 -6 6 23 -20 -15 -12 -1 -17 -18 26 -1 -12 14 -4 3 17 5 -15 18 -12 -20 -2 -6 -14 5 -12 8 8 -19 11 0 -1 26 -6 -14 11 -8 -15 6 -2 -10 -3 -1 -3 -12 -15 10 -10 0 17 -10 -6 -21 6 -6 -17 -17 -15 
-13 -15 -11 -9 -15 -15 -18 6 -1 -2 9 0 18 0 7 -13 -1 -6 11 -36 9 7 -20 -18 11 -13 7 6 7 -9 1 4 8 12 13 14 -4 36 -2 -3 -2 2 3 5 -23 23 -22 -6 -11 9 0 18 19 12 10 -9 2 10 0 17 0 5 18 -19 6 -18 -2 1 5 -3 10 8 -4 
2 0 9 -3 -2 -2 -17 8 8 -18 -10 -21 12 -2 24 -27 -2 -14 8 7 -16 9 -17 6 10 7 -18 -13 -11 8 -6 12 -8 -3 -19 -2 -33 -4 23 -17 -1 20 11 -3 0 -20 -4 -8 9 -6 7 0 8 -4 27 1 -9 3 11 13 2 -1 -4 -2 14 3 23 6 -3 -3 -11 9 -14 
11 4 -7 -10 -6 11 15 -2 15 -10 19 -3 -2 8 1 16 -2 11 -12 -8 10 -19 11 7 -8 -7 -6 21 -12 4 -20 -5 2 12 -2 22 23 -4 -11 20 10 -16 -5 3 16 23 5 16 -1 2 -3 -30 21 12 20 8 1 6 -5 2 4 19 7 -7 12 1 -6 15 -21 1 -1 7 -3 
18 1 -8 -14 3 6 -4 21 0 -5 15 16 -4 13 6 -7 -15 11 21 -1 7 3 12 -1 7 -2 -17 15 27 13 10 -12 -11 -2 12 12 -25 1 0 -3 8 -8 -8 -13 15 6 -10 -16 -17 4 -1 -1 16 -17 -8 8 0 -11 -6 0 -15 -6 -13 9 4 -18 1 -8 25 -11 -13 -7 11 
18 7 8 11 -4 9 5 2 -16 -17 7 -3 11 1 7 -14 3 1 16 -6 17 3 20 10 3 16 1 -15 9 -15 -1 11 5 -10 22 13 -7 29 6 13 -12 -4 3 -13 -15 16 -5 -10 2 6 19 7 -15 2 16 20 -2 10 2 -12 -1 -5 -5 -6 -1 0 13 -15 -10 5 13 8 7 
-7 -5 -8 -12 3 18 0 13 6 -13 -23 4 1 21 0 3 13 -2 -5 2 -1 8 1 8 3 -1 -8 -9 1 -5 30 5 3 -11 -25 -6 -4 2 -17 3 -17 6 -19 3 -10 18 9 -2 9 7 -11 -11 11 6 2 -24 -1 5 3 -14 5 -6 18 -18 1 12 -3 -23 6 0 -2 13 8 
1 4 -18 20 10 7 10 -3 -12 9 -3 7 6 5 -7 9 -8 7 -1 -23 -4 0 -20 18 -14 -21 2 -3 1 3 5 17 4 -23 8 -2 13 -1 -11 -23 31 -15 -15 17 9 7 22 5 8 20 -4 -3 6 22 17 9 -12 -3 6 -10 -1 7 -6 29 12 25 -8 -13 -15 4 15 16 -1 
2 -1 7 6 6 4 -15 9 -8 4 7 -25 7 6 0 1 -8 9 28 21 0 24 -12 -25 17 -6 24 14 -20 22 5 18 -2 12 27 29 21 -4 1 -19 0 3 4 4 17 -28 -10 -5 27 7 4 24 12 7 -23 -16 -18 23 -8 15 5 0 -26 -1 -2 6 10 -2 6 22 7 -5 -8 
-14 -6 7 -23 -1 3 -6 -1 -25 -10 3 0 -23 9 4 3 -3 0 17 -6 -30 6 25 -37 -11 -8 -2 -12 -16 -25 2 -2 -21 1 13 -12 -18 -8 -3 20 -26 -9 -6 14 -10 -5 -15 3 -4 -23 11 9 -1 -8 -25 0 6 -9 -10 9 12 -4 7 1 20 8 -30 9 -1 -3 -22 -22 -9 
-11 9 0 -4 3 3 -5 -7 5 -7 -7 -5 -5 2 -3 7 -12 -26 21 -2 -1 0 -5 11 -10 -11 -12 2 8 -5 -8 -14 -19 -7 6 21 12 -3 7 13 11 -6 -6 -17 5 15 -18 11 -14 -11 11 -5 -1 13 -1 0 24 -11 0 -1 -1 14 11 -13 16 -13 -7 17 -4 -19 10 -5 -4 
-6 -10 12 2 2 -16 -9 -20 4 -1 -8 29 -14 -8 -7 -8 4 -7 -14 3 4 7 12 16 -9 15 16 -4 16 -27 6 -11 -23 -11 6 -16 29 11 24 3 -3 -13 0 -3 -6 14 -3 -10 -15 6 -7 9 -6 13 -11 2 0 8 3 7 6 -11 8 -6 -7 1 -5 -14 -7 -17 9 15 7 
6 8 9 -18 -19 10 19 -5 1 -2 24 4 -6 28 0 -6 16 2 -15 5 -14 -16 -14 7 -24 -2 -16 15 2 16 7 18 22 10 12 -2 21 5 -3 14 13 -19 -7 -2 2 -19 4 11 18 8 3 3 2 15 4 -3 2 12 -23 -11 6 15 7 4 -17 10 8 -2 9 2 7 2 10 
4 7 -8 10 19 15 -3 -5 18 11 0 -17 1 6 -8 14 -1 -34 7 2 -16 -3 17 -7 7 -1 7 -19 2 15 13 12 17 0 -32 -19 -23 0 -17 0 2 -4 -2 -26 -6 -4 -15 6 2 11 22 -26 18 -21 -14 -8 4 16 1 18 -16 5 21 5 -16 6 19 17 -4 2 5 -33 11 
6 15 12 17 -16 -3 -1 28 22 17 -18 19 -3 -12 1 4 -12 -6 -3 18 -12 -15 -4 -4 27 3 -5 3 21 2 -8 -2 -21 9 8 -5 13 -2 -15 -10 -2 8 19 -13 6 19 22 -14 5 -3 2 12 -12 19 6 0 -2 -16 5 -10 -21 9 22 12 14 18 2 -10 -2 11 -7 23 -22 
0 18 -5 5 -3 4 -2 11 -1 -1 10 -20 14 14 -8 14 8 -24 17 -3 -1 35 4 8 20 -15 -14 23 -6 -3 -1 -3 13 -11 9 13 -6 20 21 -16 -12 -4 -16 -14 -8 13 14 -3 -19 -2 24 18 5 -17 -6 15 -21 6 -4 -9 -1 18 -3 2 -6 1 -9 9 19 7 2 15 -11 
-11 -1 -19 0 -11 28 16 12 -17 9 19 -12 -17 -21 2 5 -8 2 -20 -35 -1 -7 0 0 -9 -17 3 30 -5 -18 8 -16 13 -5 4 -4 -7 26 5 9 -11 -22 -20 8 12 -18 -4 5 10 27 -6 20 -1 -11 12 -14 -9 -12 3 -2 3 -15 -25 -12 2 -15 20 -8 9 -13 1 22 4 
8 -4 -10 -3 -4 -16 1 9 8 -14 -14 11 -9 -17 14 -19 -10 17 -18 -2 8 -16 -18 17 -3 7 5 -5 -5 -8 21 5 -17 4 5 -8 -4 8 9 -35 26 -4 5 10 0 -15 11 22 -11 1 -1 -15 -2 -9 7 0 -13 21 -18 6 -9 7 -6 -3 33 -9 -5 -29 8 -23 3 -2 -23 
-24 -28 -12 -8 -7 -23 -26 2 4 22 28 -2 4 -4 5 -21 -4 -30 3 -21 0 5 -6 -27 7 -12 17 -1 10 -1 -18 2 -8 14 0 5 -3 28 13 -4 -23 1 -8 30 18 27 -30 -12 -15 1 -4 19 24 32 -4 -13 4 -2 12 -2 19 9 13 -20 1 -8 -9 -1 26 -8 22 -11 13 
0 4 25 -1 7 6 -9 3 -19 -15 2 -11 18 -4 3 -9 4 11 -21 -3 -11 36 -14 5 10 -15 -21 -5 -20 11 -3 5 -9 9 8 11 -10 7 30 -10 10 7 -7 -14 14 -23 -15 -19 6 8 5 3 -2 -16 22 24 -14 -3 6 -1 12 -5 -13 1 5 -1 16 16 16 -6 -11 22 -13 
-1 -2 -15 -22 -14 11 12 7 13 -23 15 2 -8 -11 7 -6 -1 0 2 -6 -3 -3 12 20 -15 2 -28 10 3 7 19 -14 20 3 -7 7 8 -14 -1 13 17 -18 -8 -8 4 1 7 14 -16 -24 19 -16 7 20 -25 5 3 8 -5 6 19 9 21 0 16 11 -7 -3 -24 4 12 8 -3 
-13 19 3 -3 16 27 4 17 -14 11 12 4 -9 6 -15 -6 -21 -14 19 -23 -5 14 13 19 -1 -7 0 17 6 -22 5 -10 -15 1 -25 10 -9 -3 13 10 2 2 -13 -2 0 -1 -5 5 -10 -7 -4 -5 -9 -33 -26 19 -11 2 -10 -12 -8 -10 -5 3 2 -9 3 -19 11 2 -9 -20 14 
-14 -9 28 4 -8 14 1 -4 -14 -7 7 -1 10 4 30 -15 5 -1 17 15 24 10 13 -11 1 7 -22 8 9 1 3 28 -11 2 6 5 5 32 28 19 -21 0 11 5 -3 25 4 16 15 22 -9 -16 -13 19 9 21 -9 5 -17 -4 -8 8 6 -2 3 6 -11 13 -19 3 15 -1 35 
6 1 -11 -14 10 3 1 1 14 -15 -9 5 -9 22 5 0 8 -8 3 -19 19 -16 8 -28 10 -11 -12 -12 8 5 17 -1 26 -3 1 13 -1 12 -8 -15 -9 -8 6 4 -5 0 7 12 1 20 -9 -1 5 -14 25 -7 4 -16 14 -2 7 -8 11 -7 2 2 1 -16 21 -4 -14 15 -23 
9 5 -18 11 -4 7 1 13 -14 -4 8 -2 18 0 11 -11 -11 23 6 -9 -8 -11 1 36 1 -14 4 5 28 13 15 -22 9 -1 16 2 3 -10 -15 -10 10 2 -18 -13 -3 -7 21 0 0 -9 -5 15 27 15 3 3 7 10 10 -3 0 -4 -11 32 7 -10 -3 9 11 8 -1 8 11 
-5 2 -9 6 10 -11 -6 1 -1 7 6 -24 9 0 11 -3 9 2 11 14 10 13 -7 -21 -6 -5 8 12 -24 13 -4 13 0 3 17 6 10 -5 8 -26 -7 -10 -5 22 5 -29 5 -8 10 0 10 21 -3 8 -11 -3 -23 11 -12 -7 5 13 -15 -5 1 -2 9 -11 16 0 0 -6 -2 
-13 -4 -1 -16 17 9 0 -11 -15 -2 -2 1 -13 18 8 -8 -5 0 -10 -10 -24 16 6 -1 -15 -23 -8 -5 -4 -8 2 12 -13 -15 1 8 -5 -14 20 7 -8 -15 -7 9 -9 -6 5 19 0 -28 5 1 -10 -14 -2 13 -8 -1 0 -2 5 -12 6 14 20 -1 -23 11 -11 3 -3 -7 -3 
-5 -5 0 -6 4 -2 5 -18 3 0 0 -15 -1 -4 2 7 -17 -9 11 2 -8 7 12 20 -10 -5 -21 -8 -10 -14 -3 -13 5 -10 -12 9 12 -8 6 6 13 -15 0 -8 9 6 -8 6 -20 -8 19 8 0 10 -1 -5 21 7 -9 17 -4 7 -1 -17 12 -10 8 24 -5 -21 13 -1 -7 
5 -10 2 -10 6 4 4 -1 22 6 -11 22 3 12 7 -4 -6 10 -6 21 4 19 -6 1 1 4 -3 -7 21 -1 6 -1 -2 -11 11 -5 7 -4 8 6 9 26 6 7 9 6 -8 -5 -4 -10 -4 7 -7 21 17 6 -8 -3 9 -14 -2 11 14 3 2 2 -1 3 -6 2 -1 6 -9 
-4 3 4 -8 -13 -11 7 -4 12 -7 21 -4 -4 16 -1 -6 10 9 1 22 0 -3 6 15 -12 18 -13 2 -18 -7 24 -8 2 2 16 3 17 4 -4 -17 5 -29 10 0 7 -2 -3 -1 14 13 0 22 18 6 17 3 12 7 -13 6 -1 -8 -10 -20 -1 9 -1 -12 12 8 6 7 -6 
0 17 10 -10 12 5 -3 7 5 18 1 7 3 3 6 24 -3 -10 -3 4 6 16 -7 -5 -6 6 8 -11 -7 -1 22 10 18 2 -29 1 -4 -4 -9 -4 4 2 -4 -16 -4 14 -4 9 5 19 -7 -24 -12 1 -13 1 5 7 -5 20 -27 8 6 -18 7 0 20 -3 -7 9 3 -12 9 
-15 10 14 5 -20 -8 -3 20 16 6 -8 1 14 -13 -9 0 -4 -16 -7 11 -3 -19 -24 -7 21 27 2 9 -13 16 -22 -14 -9 10 -6 -12 9 -6 -2 -12 -14 22 8 -25 28 -7 15 1 -10 2 2 -5 12 6 13 -3 -16 -18 12 10 -18 13 -4 10 -3 3 16 3 9 2 5 10 -3 
-11 13 7 -4 1 -8 -2 13 -3 13 5 -19 7 -3 10 -5 -17 -7 10 22 4 5 -6 -4 17 -2 0 10 -12 17 -13 -4 -7 6 -10 9 0 -6 16 -15 8 7 2 -9 22 -3 11 -33 3 -16 8 20 11 -11 19 0 -17 3 -18 -5 -1 -4 -11 10 -9 4 -25 7 18 -3 -4 3 -3 
3 1 -18 -11 -11 6 13 7 -7 -8 12 -6 -19 -1 -8 -16 11 -14 8 -9 -4 8 16 4 -14 -18 3 11 -9 -5 7 1 2 19 8 12 -15 7 13 -9 -17 -10 -18 -4 4 -14 -2 6 -15 5 16 -5 19 -12 17 7 14 -15 0 -12 -6 -8 -4 8 -1 5 12 4 -1 -3 -5 10 4 
-2 -7 7 7 -1 -13 4 -6 3 -13 -5 -2 -8 -8 -7 -14 -10 6 -1 -12 11 8 -21 17 2 3 7 -1 -2 -1 8 -1 -4 -1 4 7 -6 14 15 -28 27 -6 15 -1 -6 -21 -4 23 -12 8 -4 4 -8 11 2 16 -24 22 -5 -2 -3 -4 -5 -2 18 -6 14 -14 2 -1 6 -4 -8 
-19 -3 -9 -18 -13 -6 -13 -10 21 16 4 2 7 0 2 -20 -6 -30 -3 -10 -2 -5 -7 -13 -7 16 24 15 -2 -10 -26 -6 -7 5 -10 19 9 -2 -17 -4 -7 -22 11 26 1 7 -13 -8 -9 -14 15 11 7 18 -7 -7 -2 -6 -9 9 19 14 14 -12 5 -22 -11 -6 15 7 20 -25 6 
6 -14 10 -6 8 0 -7 16 -20 -8 2 -11 14 10 9 2 8 6 -3 9 -8 23 -1 -5 11 -16 -12 5 -10 9 1 5 9 8 7 -3 -7 -3 35 -17 -8 10 -11 5 -2 -17 -7 0 4 6 26 15 -6 -6 13 19 -14 -17 12 -1 8 1 -16 -5 7 12 12 8 4 -8 -6 6 -3 
-10 11 5 -9 1 -1 10 7 5 -21 16 7 7 6 1 17 5 -22 10 0 -11 -12 -2 17 1 -21 -29 14 0 10 7 -18 -5 19 -11 16 8 -16 -11 -4 7 6 -10 1 10 2 25 14 -17 -2 1 -11 19 6 -11 -7 -14 20 13 -1 3 4 4 14 10 -1 -13 8 -12 0 0 -6 -14 
-14 21 -16 -1 20 15 9 6 6 11 23 -9 -14 -8 -11 -8 -12 -23 27 1 12 26 23 15 7 -16 21 21 -8 -6 -4 -20 -18 2 -12 4 -15 -9 13 5 18 -10 -3 11 11 -4 -11 -10 -8 -8 8 -6 8 4 -7 27 2 -5 3 -8 4 4 -4 3 6 11 -3 -2 9 0 -12 -3 17 
-9 -16 14 1 -3 -1 -6 0 -10 -18 20 -10 1 10 22 -10 -3 -16 -15 8 5 21 6 -7 1 16 -15 4 1 3 15 24 8 -1 -5 -16 14 9 25 -7 -13 -1 15 -14 5 13 6 15 12 -1 9 -10 -18 12 6 33 5 -9 5 12 -1 5 9 -4 20 -4 3 -5 -21 -1 18 -11 21 
-19 -10 -7 -4 -14 -2 -6 12 -6 -2 4 -1 -15 9 7 10 3 2 -14 6 10 -2 -13 -7 -10 -1 1 -10 -5 -7 17 -9 9 13 -1 -18 3 25 -4 1 -22 12 10 3 -6 -16 -4 2 -17 18 8 13 -2 4 11 -3 2 -13 -5 8 -9 -2 -18 -11 4 -9 6 -4 16 -4 -7 8 -4 
6 7 -12 6 8 3 9 10 -7 -9 17 9 26 10 -1 -4 9 -1 2 -13 -5 1 -15 4 5 3 -19 -3 -5 18 -15 0 -10 5 3 9 -6 3 4 -4 13 1 13 -7 2 -5 27 -1 -26 0 26 9 -1 -10 15 14 2 -6 -1 -2 -9 -10 -25 19 -5 -8 -23 6 13 2 -11 10 15 
Type Map:
0 0 0 0 0 0 0 0 0 0 0 0 0 0 0 0 0 0 0 0 0 0 0 0 0 0 0 0 0 0 0 0 0 0 0 0 0 0 0 0 0 0 0 0 0 0 0 0 0 0 0 0 0 0 0 0 0 0 0 0 0 0 0 0 0 0 0 0 0 0 0 0 0 0 0 
0 p h p n p n p n n h p n p p p n n h h h n p n p p n h p n p p p n n p p n n n n n p h n n n p p p n n p n n z n n n p p n n n p p n n n p n n p n 0 
0 p p p n p n n p p n p n h n p n n p h h p p n n n p n h n h n p n n p h p n p n n n n p p p n n p n n p p p n p n n n n p p n n p n n n p n p n p 0 
0 p p p n p n n n n n n n p n p n p n n n p p n p n z p n n n p p n n p n p p p p p p n p n n p p p p p p n n p p p p p n p n n n n z p n z p p p n 0 
0 n n n n z n p p n p n n p p n n p n n p n n n p p n p p n n n n n n n n p n n p n p n n p n n n n n p p p p n n p n p n n p n n n n n p z p p n p 0 
0 p p p p p p p n n p p h n n n z n p h n n p p p n n p p p p n n n n p p n n n p p n n n p p z z n n p p p p n p p n p z n n p p p n n p p n p n p 0 
0 p p p p n p n n n p p n n n n n n p p p p n p n z p p p p p n p p n p p n p z p z p p p p n z n p p p p n p n n p n n p n p p n n p n p n p n n n 0 
0 n n p n n n n p n n p p p n n n n p n z n n n n n p n p p p n n n p n n n p n n n p p p p n n n p n p n n n p n p p z n p p n p n p n p n n p p n 0 
0 n p n n n n n n p n n p p n p n p n p n n n n n n p n n p n n p n n n n p n n p p n p p n h z p p n n n p p z p p p n n n p p n p n n n n n p p p 0 
0 p p p p n n n n p p n p n n n n p n p n p n z p n p p p p n n p n p n n n p z p n n h n p p p n n n p n n z p n p n n p p p p p p p n z n n n p p 0 
0 p p p n n p p p p n p n p p p n p p z n n p p n p n n n n p n p p p p p p n n p p p n n p n p p p p n n n p n n p p p n n p p p p n p n p n p n n 0 
0 p z n p p n n n p n p p p p n p p n n n n p n n n p p n p p p p p n n p n z n n p p n p n h n n n n p n p n n n n p p p p n p n n n n n p p n n n 0 
0 p n p p n n p n n p n p n z p p n n n p n n n p n n p n n n n p p p p p p p n p p n p p n n n n p p n n n p n p p n n p p n p n p p n n n p n p n 0 
0 p p p p n n p p n p p n n n n p p n p p p n n p n p n z p n n n p n n p p n n n n n n n n p p n n h p n n p n p n n n n n p p p n n p p n z p n z 0 
0 n n p p p p p z n p p n p n p p n n n n p n p n n n p p p p p p p n n n p n p n n n n p p p n p p p n n n n n n n n p p p p p n p p p p n n p p p 0 
0 p n n n p n n p n n n p n n p p p p n p n n n n p n n n p n p p p p n n p n n n n p n n p n p p n p p n n p n n p n p n n n p n p p z n p n n n n 0 
0 p n n n n n n p n n p n p p p n n p n n n n n n p p n n p n p p p n p p n n n n p n p n n h n p n n n n n p p n n p n p n n p n p n n p n n p p n 0 
0 n p p p n p n n p n n n p n p n n n n n n n n n p p n n n p n p n n n n p n n n n p z p n n p n z p p n n n p n z n p p p n n p p n p p n n p p n 0 
0 p z p n n p p p z p p n n n p n n p p p n p p p n n p p n n p p p p p z p z p n p p n p p n n n n n p n z z n n p p p p n p p n p n n n n n n h n 0 
0 p p p n n p n p p n p p p n n n n h p p n p n n n p n p p p n p n p p p p p n n n n p p p p p n n n p p p p n p n n n n p p z n n n p n p p p p n 0 
0 n p n n n n p n n p z n p n p n n p p n n p n p n p n n n p p n p p p n n p p p p p n p n n n p p p n p n n p p p p p n p n n p n n p p p p n p p 0 
0 n n p n p n p p z p n p p p n n p n n p n p n z p n n n n p p n n p n n h n n p p p n p p n n n p n n n p p p n p n p n n n p n n p n p p p p n p 0 
0 n p n n p p p n n p z p p n n p n n p n p p n p n n p n p n p n p p n p n n p n p n n p p p p p p n p n p p p p n p p n p p p p p p n p n n p p p 0 
0 p p p n n n n z n p p p n p n n n p p p p p p n p n p p n p p p n n p p p p n n n p p p p n p p p n p p p n n n n p n p n p n n z p n p n p p n n 0 
0 n p p n n z n p n n z p z n n n p n n p n n n n n n n p p n n n p p n p n n n p n n p p p p n n p n p n n n n n p n n n p n p n n p n p n z p n p 0 
0 n p n p n n n n p n n n n n p n n n p n n n p n p p n n p p p n n n n p p n n p n p n n p p n p n n n p n p n n p p n n p p p n p p n n n n p p p 0 
0 n n z p n n n n p p p p n n n n p n n p p p n n n z n n p n n n n p n n p n n p p n p p n p z n z n p p n p p p p n n p p n p p n n p n n n p p n 0 
0 p n n n n p p n n n p p p n p n p p p p p n p p n n n n z p p p p p p n p n n n p n n n p p p n p p p p n p n n p p n n n p z p p p n n n n p n n 0 
0 p p n n p p n p p p n n p p n p n n p n p p p n p n z n n p p p n p n p n n n n p p n p n p p n n n p n p n n n n p p p p p p n n z p p p p n n p 0 
0 n p p n n n p p n p n p n n p p n p p p n n n p p p p n p n n p n p p p p n n p p n n p n p p n p n n p p p p n n n n p p n p p n p n n n p p n n 0 
0 n p p p n p p p n p p p n p n p n p p p p n p p n n n p n n p p h p n n n p p n n n p n p h n n n p p p n p p n n n n n p n p p p n p p z p p n p 0 
0 n n n p n p p p n p p p p n p p n n n n p n p p n n p p n n n p p n p n n n n n n n n p p n n p n p n p n p z z n n n p p z n n p p p n p n p p p 0 
0 p n p n n n n p n n n p n n p n p p n n n n n n p n n p n p p p n p n n n n n p n p p n p z n p n n p n n p n n n n n n n p n z p n n n p n n n n 0 
0 n n n n n n n p n n p z p z p n n n p n p p n n p n p p p n p p p p p p n p n n n p p p n p n n n p z p p p p n p p z p z p p n p n n p p n p p n 0 
0 p z p n n n n p p n n n p n p n n n p p n p n p p p n n n p n p n n n n n n p n n p p n z n n n p n p z p n p p n p p p p n n n p p p p n n n p n 0 
0 p p n n n p p n p n p n n p p p n p n n p n p p n n n p n p n n p p n p p n n p p n n p p p p p n p n n p p p p p p n p p p p n p p n p n p n p n 0 
0 p p n n p p n p z n p p n p p n n p p n p p p n p n n p p p p n n n p p n p z n p n n n p p n n n p n n p n n p z n n z n n n p p n p n p n n n p 0 
0 p p p p n p p p n n p n p p p n p p p n p p p p p p p n p n n p p n p p n p p p n n p n n p n n p p p p n p p p n p p n n n n n n z p n n p p p p 0 
0 n n n n p p z p p n n p p p z p p n n p n p p p p n n n p n p p p n n n n p n p n p n p n p p n p p n n p p p n n p p n p n p n p p n n p z n p p 0 
0 p p n p p p p n n p n p p p n p n p n n n z n p n n p n p p p p p n p n p n n n p n n p p p p p p p n n p p p p n n p n n p n p p p n n n p p p n 0 
0 p n p p p p n p n p p n p p z p n p p p z p n n p n p p n p p p n p p p p n p n z p p p p n n n p p p p p p n n n p n p p z n n n p p n p p p n n 0 
0 n n p n n p n n n n p z n p p p n z p n n p p n n n n n n n p n n p p n n n n p n n n p n n n p n n p p n n n z p n n p p n p p p p n p n n n n n 0 
0 n p z n p p n n p n n n n p n p n n p n n z n p n n n p p n n n n n p p p n p p p n n n p p n p n n p n n p n z p n z n n p p n p n n p n n p n n 0 
0 n n p p p n n n p n n p n n n n p n n p p p p p n p p n p n p n n n p n p p p p n n z n n p n n n p n p n p n p z p p p p n p n n p n n n n p p p 0 
0 p p p n n p p n p n p p n p z n p p n p n n n p n n n p p p p p p p p n p p n p p n n n p n p p p p p p p p p n p p n n p p p p n p p n p p p p p 0 
0 p p n p p p n n p p z n p p n p n n p p n n p n p n p n p p p p p z n n n z n z p n n n n n n p p p p n p n n n p p p p n p p p n p p p n p p n p 0 
0 p p p p n n n p p p n p n n p p n n n p n n n n p p n p p p n n n p p n p n n n n p p n p p p n p n p p n p p z n n p n n p p p p p p n n p n p n 0 
0 z p n p n p n p n n p n p p n p p n p n n h p p p n n p n n n n p n p p n p p n n n n n n p p n n n p p p n n p n p n n n p n p n p n p p p p p n 0 
0 n n n z n p p p n p p n n n p p n p n n n n z z n n p p n n p n p n p n n p p p n n n p p n n p p p n p n n p n n n p n p n n n p n p n p n p p p 0 
0 p n n n n n p p p n n p n n p n n p n n p n n p n p p n n n p p n p p n n p p n p n p p z n p p n p n n n n p z n p n p n p n n p n n n p n p n n 0 
0 n n n n n n n p p p p n p n p n n n p n z p n n p n p n p n n p n p z p n p p n n p n p p p n n n p n p p p n n p n p n p p p n p n n n p n p n p 0 
0 z p p n p p n p n n p n p n p n p p n n n p n p p n n n n p n p n p p p n p p n p p n n p n n n p p p p n n p p n n p n p n n p p n p p p n n p n 0 
0 n n n n n p p p p n p p n n p n n z p n n n p p n p n p p p p n p p n p p n n p p n n n p p p p n n p n p p n p p p n p p p p z p p n n n p p p n 0 
0 n p p n p p p p n p p p n p n n n n p n n p p p n n z p p n p n n p n p n n p p p p n n z n n p n n n n n n n p n p n n n n n p p n p n p p n n p 0 
0 n n p p n p p n n n p n p p p n p n p p p p p n p p n p p p p p n p p p p p p p n z p p n p p p p p n n n p p p n p n n n p p n p p n p n p p n p 0 
0 p p n n p p p p p n n p n p p z p n p n p n p n p n n n p p p n p n p p n p n n n n p p n z p p p p n n p n p n p n p n p n p n p p p n p n n p n 0 
0 p p n p n p p p n n p n p z p n n p p n n n p p p n p p p p p n p n p p p n n n p p n n n n p z z n n p p p p p p p p n z n n p p n n p p p n p p 0 
0 n p n p p n n p n p p n p z p n p p p p p p n n n n p p n p n p z p p p p n p n n n n p p n p n p z p p n p n n n p n n p p n n p n p n p z z n n 0 
0 n n n n p p z n n n n p n p p n n z n n n p p n n n n n n n p p n n p p n n p p n n n p n n p p z n p p n n n p n n z n p n p p p n n p n p n n n 0 
0 n n z n p n p n p z z n n n p p n n p p n p p p n n n n n n n n p n n p p n p p p n z n p p n p n n p p z p n n p p n p n p n n p n p p n n p n n 0 
0 p n p n p p p n p p n p p p p n n p n p p p n p p p n n p n p n n n p n p n p p p p p p p p n n n n n p n p p p n n p n n p p p p p n p n p n p n 0 
0 n p p n n n p n p n p n n p n n p p p p z n p p n p n p n n p n p p p p p p n n p n p z p n n n p p z p p p p p p p n p n n n n n p n n p p p p n 0 
0 z p p n p p n p p p p p p p p p n n n p p p n n n p p n n n p p p p n p n n n n p p n n n p n p p p n n n p n p p p n p n p p n p z p n n p p n p 0 
0 n p p p n n n p p p n p p n n z n n n p n n n n p p p p n p n n n p n n p n n n n p p n p n p p n p p n p p p n n n p p n p n p n p p p p p p p n 0 
0 n p p n p n n p n p p n p n p n n n p p p p n n p n z p n p n n n p n p z n p n p p p n p n p n p n p p p n p z n p n n n n n p n p n p p n n p n 0 
0 p p n n n p p p n n p n n n n n p n p n n p p p n n p p n n p p p p p p n p p n n n n n p n n p n p p n p n p p p n z n n n n p n p p p n n n p p 0 
0 n n p p n n p n p n n n n n n n n p n n p p n p p p p n n n p n n n p p n p p n p n p n n n n p n p n p n p p p n p n n n n n n p n p n p n p n n 0 
0 n n n n n n n n p p p p p z p n n n n n n n n n n p p p n n n n n p n p p n n n n n p p p p n n n n p p p p n n n n n p p p p n p n n n p p p n p 0 
0 p n p n p z n p n n p n p p p p p p n p n p n n p n n p n p p p p p p n n n p n n p n p n n n z p p p p n n p p n n p n p p n n p p p p p n n p n 0 
0 n p p n p n p p p n p p p p p p p n p z n n n p p n n p z p p n n p n p p n n n p p n p p p p p n n p n p p n n n p p n p p p p p n n p n z z n n 0 
0 n p n n p p p p p p p n n n n n n n p p p p p p p n p p n n n n n p n p n n p p p n n p p n n n n n p n p p n p p n p n p p n p p p n n p z n n p 0 
0 n n p p n n n z n n p n p p p n n n n p p p p n p p n p p p p p p n n n p p p n n n p n p p p p p n p n n p p p p n p p n p p n p n p n n n p n p 0 
0 n n n n n n n p n n p n n p p p p p n p p n n n n n p n n n p n p p n n p p n p n p p p n n n p n p p p n p p n p n n p n n n n p n p n p n n p n 0 
0 p p n p p p p p n n p p p p n n p n p n n p n p p p n n n p n z n p p p n p p n p p p n p n p n n z p p n n p p p n n n n n n p n n n p p p n p p 0 
0 0 0 0 0 0 0 0 0 0 0 0 0 0 0 0 0 0 0 0 0 0 0 0 0 0 0 0 0 0 0 0 0 0 0 0 0 0 0 0 0 0 0 0 0 0 0 0 0 0 0 0 0 0 0 0 0 0 0 0 0 0 0 0 0 0 0 0 0 0 0 0 0 0 0 
Treasure Value:
Average: 24.54
Median: 24.50
25 26 27 28 29 30 31 32 33 34 35 36 38 
