Best Powers:
15
16
17
18
19
20
22
23
24
25
27
28
31
32
33
34
36
37
Best Positions:
(0,1)
(2,8)
(5,8)
(5,14)
(5,15)
(7,11)
(8,1)
(11,0)
(11,15)
(11,19)
(12,2)
(14,0)
(14,15)
(16,1)
(16,7)
(18,4)
(19,0)
(20,12)
Power Map:
-11 -6 13 4 -1 6 1 8 -3 0 5 18 2 3 22 18 -7 -2 18 20 -17 
15 -2 0 -9 12 -5 -10 -6 24 -11 -23 -18 15 -9 -10 10 17 0 0 8 6 
-1 -11 3 -4 13 8 13 -11 10 9 6 -16 16 4 10 -13 -9 15 -1 -16 -8 
-2 6 20 -16 -2 -3 4 -14 2 -23 4 -3 -3 -21 6 3 7 -23 -4 18 18 
-7 -2 7 -2 -36 -4 4 5 -5 3 -9 -7 -12 -11 1 13 -22 -8 19 6 -5 
13 -9 -8 -1 22 11 -25 -22 9 -14 -31 -6 4 2 -30 1 8 13 -7 9 17 
-2 5 1 -9 -11 0 -7 -24 -1 -2 20 -1 0 2 -1 0 -3 -3 7 -13 -11 
-16 18 16 -8 -13 11 -4 -9 -6 3 -8 -9 11 -11 17 9 25 -11 -5 4 16 
-5 11 23 7 -12 27 2 10 -14 -7 -12 14 -5 -6 9 -1 17 -13 0 1 9 
25 -1 -7 -20 13 -9 -24 7 -9 17 -31 -17 -7 10 -38 16 -1 17 -6 0 15 
-9 16 -7 -5 2 19 -21 -14 2 1 -15 11 14 -22 -3 16 -1 0 1 -4 7 
-22 16 9 -2 -17 15 -18 31 0 8 -5 25 9 -9 22 6 17 -17 6 0 8 
2 19 -4 10 -11 17 -1 18 -12 7 2 11 -9 -24 2 24 23 -12 4 4 33 
16 -11 -3 -4 8 -4 1 -9 12 -5 -9 16 -16 23 -12 -2 -8 12 -10 12 8 
8 15 -15 -7 16 37 -25 5 10 13 -19 11 11 -14 -15 25 4 -3 -4 -3 -14 
-13 13 4 4 -10 28 0 27 -19 -8 0 34 -10 -11 36 14 -13 -12 1 -14 -16 
10 12 -13 -18 -9 18 -23 -14 -20 -22 -13 7 -1 0 5 12 16 -9 -7 10 20 
-6 -3 10 -10 4 -5 20 15 1 7 13 -5 6 12 1 15 -11 7 6 0 -1 
10 13 -5 2 19 18 -22 -10 20 13 -14 12 12 0 -9 13 -11 -10 -1 6 -6 
-2 16 4 -5 -5 7 -14 20 -8 8 7 32 -20 -8 0 8 -14 3 1 -7 -14 
3 13 -19 -17 2 6 -22 -10 1 11 -20 -1 0 -4 -10 23 18 11 -12 10 10 
Type Map:
0 0 0 0 0 0 0 0 0 0 0 0 0 0 0 0 0 0 0 0 0 0 0 
0 n n p p n p p p n z p h p p h p n n p h n 0 
0 h n z n p n n n h n n n p n n p h z z p p 0 
0 n n p n p p p n p p p n h p p n n p n n n 0 
0 n p p n n n p n p n p n n n p p p n n p p 0 
0 n n p n n n p p n p n n n n p p n n h p n 0 
0 p n n n p p n n p n n n p p n p p p n p p 0 
0 n p p n n z n n n n p n z p n z n n p n n 0 
0 n p p n n p n n n p n n p n p p h n n p p 0 
0 n p h p n h p p n n n p n n p n p n z p p 0 
0 p n n n p n n p n p n n n p n p n p n z p 0 
0 n p n n p p n n p p n p p n n p n z p n p 0 
0 n p p n n p n h z p n p p n p p p n p z p 0 
0 p p n p n p n p n p p p n n p p p n p p h 0 
0 p n n n p n p n p n n p n p n n n p n p p 0 
0 p p n n p h n p p p n p p n n p p n n n n 0 
0 n p p p n h z p n n z h n n h p n n p n n 0 
0 p p n n n p n n n n n p n z p p p n n p p 0 
0 n n p n p n p p p p p n p p p p n p p z n 0 
0 p p n p p p n n p p n p p z n p n n n p n 0 
0 n p p n n p n p n p p h n n z p n p p n n 0 
0 p p n n p p n n p p n n z n n p p p n p p 0 
0 0 0 0 0 0 0 0 0 0 0 0 0 0 0 0 0 0 0 0 0 0 0 
Treasure Value:
Average: 25.39
Median: 24.50
27 28 31 32 33 34 36 37 
