Best Powers:
13
14
15
16
17
18
19
20
21
22
23
24
Best Positions:
(2,16)
(2,38)
(5,0)
(8,0)
(9,0)
(10,0)
(14,0)
(19,1)
(20,2)
(26,9)
(37,2)
(38,0)
Power Map:
9 9 3 10 -7 24 5 -13 13 15 22 -3 -13 -3 17 12 -10 11 -8 8 8 -12 3 12 -10 0 3 -9 1 15 -5 -5 5 12 1 1 -5 -2 14 
-3 9 -17 2 -5 -7 10 -28 15 1 17 -8 -4 -5 -8 -6 -7 -13 8 16 0 -13 -18 -10 9 -10 -4 -9 -9 16 -13 -3 12 -10 3 -22 9 -4 14 
5 7 -6 1 -4 8 12 -4 9 16 11 -2 -4 -13 -6 -7 4 -4 6 7 18 5 -4 -5 5 -11 12 3 -1 3 -12 -7 0 4 14 -2 11 21 16 
-7 4 -16 8 18 -6 7 4 1 -1 16 3 8 9 11 -9 15 9 11 1 -8 1 17 5 13 6 2 1 -16 -9 -8 -4 17 -1 13 -14 12 5 1 
-13 -7 2 16 -8 -21 9 8 -12 -9 11 17 3 1 -14 -1 -11 0 -7 -4 2 11 7 2 -3 6 -18 -6 -19 -10 3 10 -4 -10 -1 12 -19 -10 16 
-10 -4 -11 -7 0 0 -4 10 -27 18 4 -6 -4 9 12 0 -2 -4 -4 0 -2 -5 10 -1 -3 15 -1 8 -5 6 -5 -13 -15 3 -6 17 -29 7 -6 
13 1 5 14 -19 3 -10 -2 -11 2 -28 15 17 6 11 8 -2 3 -10 8 4 6 -8 -12 -2 6 -3 0 -1 -15 15 4 -9 -4 1 3 -17 16 -28 
-3 9 -7 -18 11 -20 9 7 11 -2 -14 1 -8 6 10 -15 -5 16 -6 -14 -5 2 -5 -15 -3 -3 2 2 -22 2 -15 -4 -2 -24 1 15 13 -7 -5 
-14 11 -12 -13 -8 7 12 -7 7 -8 17 -4 1 9 8 14 2 -8 5 -6 -3 -19 -2 5 -5 -6 5 -1 -2 -7 -14 -10 -21 -3 2 -13 -7 5 18 
3 -2 -17 -4 7 -6 -19 16 18 -12 10 -17 -2 -6 7 6 -14 1 12 6 4 7 -1 3 9 -13 19 2 -4 9 -19 2 5 -12 -9 11 17 2 4 
12 6 12 -9 0 -2 -6 3 -7 11 8 11 2 4 11 -1 0 6 3 -3 14 -13 -13 -5 -5 -5 -1 6 0 9 18 3 -12 -9 -13 -2 -6 -3 15 
-3 -4 -3 -8 11 4 -2 -4 -2 3 -8 -5 -1 4 1 0 0 -7 7 10 -10 -8 -10 -7 -10 -3 -1 -6 -3 -4 -3 -8 11 4 -2 -4 -2 3 -8 
7 4 9 -17 18 -3 11 2 2 -19 -3 -5 -9 7 -2 -9 10 2 6 -4 8 4 3 9 8 -3 -9 -2 7 4 9 -17 18 -3 11 2 2 -19 -3 
-2 -3 -7 6 -2 -15 -9 14 -2 12 -3 9 0 -1 0 -2 7 -8 9 8 8 -8 7 10 0 10 8 3 -2 -3 -7 6 -2 -15 -9 14 -2 12 -3 
-3 4 9 13 -10 13 1 15 -5 -5 1 4 -6 8 -2 -7 -2 -9 8 -5 -4 -5 -10 6 -3 6 -9 5 -3 4 9 13 -10 13 1 15 -5 -5 1 
8 13 -13 -5 -13 9 0 12 -5 -16 7 4 7 -9 7 0 -3 6 6 6 -5 -8 5 -8 -6 -1 -9 -6 8 13 -13 -5 -13 9 0 12 -5 -16 7 
7 -12 20 -14 -9 5 -5 -3 0 -1 3 4 2 -4 -3 4 -8 3 -7 7 -10 6 -9 2 -2 4 -3 7 7 -12 20 -14 -9 5 -5 -3 0 -1 3 
2 -3 -3 10 -2 0 -4 -2 -3 -14 5 -1 -1 1 2 7 -1 0 -5 6 9 -5 9 2 3 2 -8 6 2 -3 -3 10 -2 0 -4 -2 -3 -14 5 
-1 -15 -2 -6 1 -6 -6 0 -2 13 -3 -9 8 2 2 0 4 -7 -2 3 -2 -8 4 9 5 1 3 -6 -1 -15 -2 -6 1 -6 -6 0 -2 13 -3 
7 11 -6 6 -9 4 11 -7 -1 -8 8 8 8 1 7 -3 -2 -5 1 -9 -2 -8 6 -3 -5 3 -9 -1 7 11 -6 6 -9 4 11 -7 -1 -8 8 
-1 -17 -3 10 -6 -5 15 -4 -6 -19 9 9 6 10 8 8 1 -2 -10 1 5 -6 -7 3 1 -10 -2 -2 -1 -17 -3 10 -6 -5 15 -4 -6 -19 9 
20 -6 12 -8 0 2 8 17 9 9 -3 2 -9 -5 4 1 6 2 1 8 3 9 1 5 7 4 -3 -7 20 -6 12 -8 0 2 8 17 9 9 -3 
-12 -10 7 13 14 -20 13 -16 9 2 -3 -6 0 4 -10 -9 -9 10 3 -8 2 -3 -3 9 6 7 1 -3 -12 -10 7 13 14 -20 13 -16 9 2 -3 
-2 -12 -3 -8 0 3 -15 1 -6 -3 4 2 -1 7 5 -10 10 -2 -2 2 -8 -5 -10 4 -1 7 -7 -8 -2 -12 -3 -8 0 3 -15 1 -6 -3 4 
1 -16 10 -9 7 -5 -11 0 4 6 -11 0 10 -7 9 -10 9 9 0 -5 5 -3 -8 -6 10 -3 0 6 1 -16 10 -9 7 -5 -11 0 4 6 -11 
8 -4 0 11 -12 -2 -2 -1 -9 10 5 1 6 -5 8 1 5 6 4 -9 -8 7 -5 -8 -4 1 -10 -1 8 -4 0 11 -12 -2 -2 -1 -9 10 5 
12 1 -15 -12 17 11 8 -6 2 -7 12 3 -8 -6 6 0 1 2 3 -9 -2 3 7 -2 9 -8 -10 6 12 1 -15 -12 17 11 8 -6 2 -7 12 
3 -4 -7 10 -1 0 -11 -11 5 -9 15 7 -1 6 5 -8 4 10 10 3 -6 -3 3 -4 -2 -3 2 -1 3 -4 -7 10 -1 0 -11 -11 5 -9 15 
2 5 -1 -7 -3 14 0 4 8 3 12 -3 -13 -3 17 12 -10 11 -8 8 8 -12 3 12 -10 0 3 -9 18 4 -12 8 -1 13 18 -1 -7 5 15 
-11 13 -4 -10 0 0 -1 -20 8 -16 12 -8 -4 -5 -8 -6 -7 -13 8 16 0 -13 -18 -10 9 -10 -4 -9 2 7 -5 -10 2 -10 -9 -20 22 -8 11 
-5 13 -10 0 -12 -1 7 -18 21 13 20 -2 -4 -13 -6 -7 4 -4 6 7 18 5 -4 -5 5 -11 12 3 -2 7 -20 6 -11 13 6 -12 13 19 16 
-6 -9 -1 -9 11 -7 2 -6 17 0 10 3 8 9 11 -9 15 9 11 1 -8 1 17 5 13 6 2 1 -4 -4 1 5 8 -13 5 1 0 5 3 
-15 9 12 -1 -18 -9 9 2 -13 -3 5 17 3 1 -14 -1 -11 0 -7 -4 2 11 7 2 -3 6 -18 -6 -19 5 7 2 -12 -14 10 11 -13 1 1 
-12 -3 -10 -13 -12 -17 1 3 -27 10 -2 -6 -4 9 12 0 -2 -4 -4 0 -2 -5 10 -1 -3 15 -1 8 -9 13 -10 -18 -3 -7 3 3 -28 10 7 
16 -4 12 12 -12 -10 -9 -8 -3 10 -27 15 17 6 11 8 -2 3 -10 8 4 6 -8 -12 -2 6 -3 0 -1 3 4 9 -14 8 -9 7 -8 5 -28 
-5 -5 -16 -3 -2 -19 14 14 3 -8 -5 1 -8 6 10 -15 -5 16 -6 -14 -5 2 -5 -15 -3 -3 2 2 -6 -6 -13 -2 -1 -18 9 15 9 -10 -9 
-12 3 -15 -12 -2 6 11 -12 1 -4 13 -4 1 9 8 14 2 -8 5 -6 -3 -19 -2 5 -5 -6 5 -1 -2 -4 -16 -16 -2 -10 8 -10 2 10 18 
-11 5 -18 -5 7 -7 -9 9 14 -5 15 -17 -2 -6 7 6 -14 1 12 6 4 7 -1 3 9 -13 19 2 -6 3 -12 -14 -4 1 -14 12 17 -9 13 
4 -5 23 -12 -12 -14 0 -8 -17 2 16 11 2 4 11 -1 0 6 3 -3 14 -13 -13 -5 -5 -5 -1 6 11 -7 13 6 0 -11 -2 -2 0 8 9 
Type Map:
0 0 0 0 0 0 0 0 0 0 0 0 0 0 0 0 0 0 0 0 0 0 0 0 0 0 0 0 0 0 0 0 0 0 0 0 0 0 0 0 0 
0 p p p p n h p n h h h n n n h p n p n p p n p p n z p n p p n n p p p p n n h 0 
0 n p n p n n p n p p p n n n n n n n p h z n n n p n n n n p n n p n p n p n p 0 
0 p p n p n p p n p p p n n n n n p n p p h p n n p n p p n p n n z p p n p h p 0 
0 n p n p p n p p p n p p p p p n p p p p n p p p p p p p n n n n p n p n p p p 0 
0 n n p p n n p p n n p p p p n n n z n n p p p p n p n n n n p p n n n p n n p 0 
0 n n n n z z n p n p p n n p p z n n n z n n p n n p n p n p n n n p n p n p n 0 
0 p p p p n p n n n p n p p p p p n p n p p p n n n p n z n n p p n n p p n p n 0 
0 n p n n p n p p p n n p n p p n n p n n n p n n n n p p n p n n n n p p p n n 0 
0 n p n n n p p n p n p n p p p p p n p n n n n p n n p n n n n n n n p n n p p 0 
0 p n n n p n n p p n p n n n p p n p p p p p n p p n h p n p n p p n n p p p p 0 
0 p p p n z n n p n p p p p p p n z p p n p n n n n n n p z p p p n n n n n n p 0 
0 n n n n p p n n n p n n n p p z z n p p n n n n n n n n n n n n p p n n n p n 0 
0 p p p n p n p p p n n n n p n n p p p n p p p p p n n n p p p n p n p p p n n 0 
0 n n n p n n n p n p n p z n z n p n p p p n p p z p p p n n n p n n n p n p n 0 
0 n p p p n p p p n n p p n p n n n n p n n n n p n p n p n p p p n p p p n n p 0 
0 p p n n n p z p n n p p p n p z n p p p n n p n n n n n p p n n n p z p n n p 0 
0 p n h n n p n n z n p p p n n p n p n p n p n p n p n p p n p n n p n n z n p 0 
0 p n n p n z n n n n p n n p p p n z n p p n p p p p n p p n n p n z n n n n p 0 
0 n n n n p n n z n p n n p p p z p n n p n n p p p p p n n n n n p n n z n p n 0 
0 p p n p n p p n n n p p p p p n n n p n n n p n n p n n p p n p n p p n n n p 0 
0 n n n p n n p n n n p p p p p p p n n p p n n p p n n n n n n p n n p n n n p 0 
0 p n p n z p p p p p n p n n p p p p p p p p p p p p n n p n p n z p p p p p n 0 
0 n n p p p n p n p p n n z p n n n p p n p n n p p p p n n n p p p n p n p p n 0 
0 n n n n z p n p n n p p n p p n p n n p n n n p n p n n n n n n z p n p n n p 0 
0 p n p n p n n z p p n z p n p n p p z n p n n n p n z p p n p n p n n z p p n 0 
0 p n z p n n n n n p p p p n p p p p p n n p n n n p n n p n z p n n n n n p p 0 
0 p p n n p p p n p n p p n n p z p p p n n p p n p n n p p p n n p p p n p n p 0 
0 p n n p n z n n p n p p n p p n p p p p n n p n n n p n p n n p n z n n p n p 0 
0 p p n n n p z p p p p n n n p p n p n p p n p p n z p n p p n p n p p n n p p 0 
0 n p n n z z n n p n p n n n n n n n p p z n n n p n n n p p n n p n n n p n p 0 
0 n p n z n n p n p p p n n n n n p n p p p p n n p n p p n p n p n p p n p p p 0 
0 n n n n p n p n p z p p p p p n p p p p n p p p p p p p n n p p p n p p z p p 0 
0 n p p n n n p p n n p p p p n n n z n n p p p p n p n n n p p p n n p p n p p 0 
0 n n n n n n p p n p n n n p p z n n n z n n p n n p n p n p n n n n p p n p p 0 
0 p n p p n n n n n p n p p p p p n p n p p p n n n p n z n p p p n p n p n p n 0 
0 n n n n n n p p p n n p n p p n n p n n n p n n n n p p n n n n n n p p p n n 0 
0 n p n n n p p n p n p n p p p p p n p n n n n p n n p n n n n n n n p n p p p 0 
0 n p n n p n n p p n p n n n p p n p p p p p n p p n p p n p n n n p n p p n p 0 
0 p n h n n n z n n p p p p p p n z p p n p n n n n n n p p n p p z n n n z p p 0 
0 0 0 0 0 0 0 0 0 0 0 0 0 0 0 0 0 0 0 0 0 0 0 0 0 0 0 0 0 0 0 0 0 0 0 0 0 0 0 0 0 
Treasure Value:
Average: 18.50
Median: 18.50
19 20 21 22 23 24 
