Best Powers:
-2147483648
-2147483648
-2147483648
-27
-25
-24
-23
-22
-21
-20
-19
-18
-17
-16
-15
-14
-13
-12
-11
-10
-9
-8
-7
-6
-5
-4
-3
-2
-1
0
1
2
3
4
5
6
7
8
9
10
11
12
13
14
15
16
17
18
19
20
21
22
23
24
26
Best Positions:
(0,0)
(0,0)
(0,0)
(0,0)
(0,2)
(1,0)
(1,2)
(1,5)
(2,0)
(2,7)
(3,0)
(3,1)
(3,9)
(5,0)
(5,45)
(6,0)
(7,0)
(7,12)
(8,0)
(8,1)
(8,3)
(9,0)
(10,0)
(10,1)
(10,6)
(11,0)
(12,1)
(13,0)
(14,0)
(15,0)
(17,0)
(17,2)
(19,1)
(22,0)
(28,1)
(31,0)
(31,1)
(31,2)
(31,5)
(32,0)
(36,0)
(39,0)
(41,1)
(43,5)
(46,0)
(46,2)
(46,3)
(48,1)
(50,0)
(50,3)
(51,5)
(52,0)
(54,2)
(54,3)
(54,5)
Power Map:
10 7 -5 -3 10 0 4 -2 -12 -6 9 1 -3 -1 16 8 1 5 -2 -5 5 5 -4 1 -6 -3 10 0 -1 -4 -6 3 13 4 8 0 -14 -5 7 6 7 1 3 10 0 3 12 -5 8 6 -9 -5 26 4 -9 
-1 -9 -5 -7 -5 7 -12 -1 11 -5 2 6 -11 0 10 -9 -2 4 5 17 -4 -7 4 1 -2 1 -3 9 -8 -2 10 -18 -11 6 0 2 9 -11 -11 9 2 -13 1 -7 -12 -5 9 2 -16 -1 13 -6 0 -7 -12 
15 20 15 9 10 -1 -9 -8 -8 -9 10 -5 2 15 7 7 -4 -19 9 5 10 4 8 -5 5 -8 16 11 -6 2 -9 -15 -2 -6 0 -6 0 2 2 11 0 -15 -2 15 13 -5 23 -1 -11 2 5 9 12 -15 14 
17 -9 4 9 13 11 11 -7 -10 11 -5 -1 -9 6 -4 10 -2 -8 -2 2 6 -7 -10 6 4 6 -3 1 4 -4 -12 -1 -7 11 -7 -15 5 4 6 -11 15 -12 11 -4 4 10 19 5 8 -14 -25 -3 -7 3 -23 
-18 4 -6 -1 4 2 -10 -4 -5 4 1 -2 8 -10 13 14 7 -3 4 1 3 -8 2 -7 0 -6 0 16 0 3 7 -14 11 12 -1 6 -3 -1 -5 -6 -15 -2 -15 -11 5 8 4 -3 -14 4 11 6 1 -5 9 
9 -22 9 1 -12 3 9 -3 -1 -18 -12 13 23 6 -8 -16 0 -15 -1 6 -12 -14 3 1 4 10 7 5 -3 -6 5 -17 -1 4 8 6 -12 4 6 5 -3 6 -7 -20 -2 -12 -16 -7 3 7 -10 -24 -6 12 24 
7 -3 -2 -11 -12 -17 14 -11 12 -16 22 -7 -1 2 1 5 1 9 -19 1 -10 1 -17 2 -16 7 -4 0 -5 1 5 -10 -9 14 11 -1 11 13 -6 -2 -8 -2 19 -1 12 -6 -14 -17 13 -4 -3 -7 10 -4 -2 
-17 10 -21 -12 8 13 -11 8 -10 15 12 3 -2 -5 2 2 -8 -16 0 -14 -3 -2 -6 8 -12 -5 7 -4 4 -15 -5 7 -11 3 -4 9 -7 6 3 9 3 -17 -8 13 -15 -6 -3 5 2 -9 -10 20 9 16 7 
-1 -4 3 -8 13 0 -12 -10 -4 7 7 -18 6 -13 2 3 9 -14 -6 3 1 -9 -10 15 0 1 -10 12 -2 8 6 -11 5 5 11 -4 -8 -11 0 -8 -3 -11 -9 8 20 7 13 7 -4 -11 2 6 -1 -5 -7 
-3 10 -6 -27 -16 14 12 4 5 5 -20 19 -5 8 6 3 -7 -5 13 -2 19 -7 11 1 -1 13 4 16 3 -5 -14 1 -10 -11 14 14 -9 -8 4 9 15 -2 -1 2 8 -22 -8 6 1 0 0 5 -19 15 2 
2 5 -13 22 -11 1 -24 -23 3 -7 3 -11 -1 -18 0 -2 -1 -6 17 -5 -10 -8 -9 -1 0 -10 4 -10 4 -15 -10 6 6 -4 9 10 3 3 -3 -7 -11 -6 2 23 -8 8 -12 -4 -18 -16 10 5 11 -8 15 
7 6 2 -6 -1 6 8 1 -16 7 -2 -20 1 -15 2 -1 -8 -13 16 -5 1 7 -3 8 -16 3 7 3 9 16 -11 1 0 1 0 -2 8 -13 -14 9 -20 2 -2 2 0 0 8 11 0 -4 -15 11 6 -8 1 
-16 -3 -1 -16 -22 -2 -8 18 20 -10 -16 9 9 -10 10 -9 -13 3 11 9 4 0 -3 4 4 3 5 6 -12 8 -3 -7 -3 -16 -16 0 -1 -15 9 -2 1 10 -14 1 -2 -15 -21 -21 9 3 3 -7 -11 6 2 
-1 16 5 -1 -1 7 2 -1 7 -13 2 -3 -12 6 -6 -8 10 6 0 4 -2 2 -6 -5 7 1 10 -5 7 -8 -6 -4 3 5 -10 6 0 -8 -10 -4 -4 0 -1 16 5 -1 -1 7 2 -1 7 -13 2 -3 -12 
-6 -7 -3 10 -11 1 11 -11 -5 14 3 -13 8 7 10 -3 4 3 1 7 -7 -3 -10 0 9 9 4 -9 -1 7 3 -8 4 -2 4 0 5 0 -7 2 -5 2 -6 -7 -3 10 -11 1 11 -11 -5 14 3 -13 8 
-18 11 3 -11 4 10 0 -4 0 -3 -5 -13 -3 3 3 -9 2 -6 -5 -5 3 -1 6 0 -7 5 7 -2 4 -1 -3 6 6 10 9 1 4 5 -8 -9 0 3 -18 11 3 -11 4 10 0 -4 0 -3 -5 -13 -3 
-1 -5 -12 3 10 -18 7 2 13 3 -9 17 -8 -3 0 -10 10 6 2 6 -8 -2 5 7 4 4 10 10 3 10 -1 -1 -3 -1 -6 -5 1 7 5 -6 7 1 -1 -5 -12 3 10 -18 7 2 13 3 -9 17 -8 
-9 4 -20 -6 -7 -19 -2 12 -8 -14 13 -3 4 1 5 4 -2 -10 2 -9 7 -4 -1 -5 -4 -4 -1 9 1 -3 -7 -6 -4 -8 -7 7 -1 -10 -7 8 -1 9 -9 4 -20 -6 -7 -19 -2 12 -8 -14 13 -3 4 
2 6 5 -16 -5 14 -5 -15 -8 1 4 1 -1 1 0 9 -3 -7 -3 -9 -8 -1 3 -3 10 10 -10 5 -4 -2 -2 4 9 0 -2 4 2 -9 -8 2 -4 -4 2 6 5 -16 -5 14 -5 -15 -8 1 4 1 -1 
8 -1 -9 -11 7 -1 12 -9 3 0 3 -2 -2 3 5 -7 1 10 9 3 -9 7 9 -10 -5 -1 -2 -8 -2 4 3 2 8 -5 0 3 2 -8 -4 9 -1 -6 8 -1 -9 -11 7 -1 12 -9 3 0 3 -2 -2 
2 -12 16 -18 11 0 -2 3 2 -1 17 -14 8 4 1 1 -3 -4 -2 -4 -10 -1 8 -8 0 -10 -8 -1 -1 5 -10 -5 2 -3 -5 7 -3 -4 -8 -6 -3 -9 2 -12 16 -18 11 0 -2 3 2 -1 17 -14 8 
-2 -5 -9 9 -5 16 -3 1 -7 9 1 -13 0 4 8 0 7 -10 3 2 -3 -10 2 -7 -3 2 -6 -1 10 -7 -9 -5 -8 2 6 -3 8 1 7 -6 -10 -10 -2 -5 -9 9 -5 16 -3 1 -7 9 1 -13 0 
16 -10 6 2 1 2 2 -9 5 -17 -9 -9 3 -4 -9 -5 8 7 -3 -1 -3 -4 -8 6 2 7 -2 -2 5 -5 -5 5 4 -1 -4 1 -5 8 -4 -6 2 -6 16 -10 6 2 1 2 2 -9 5 -17 -9 -9 3 
13 -2 -6 -19 8 4 -3 3 14 -3 -8 4 6 2 -3 -10 -8 -7 -10 -5 6 -7 -9 -9 -10 2 -9 -10 -5 -7 8 -7 5 5 3 -9 10 -6 9 -8 10 3 13 -2 -6 -19 8 4 -3 3 14 -3 -8 4 6 
-20 -4 -11 -10 10 1 1 -4 3 19 5 -4 -2 -2 -6 10 -2 -5 -2 -10 -10 -7 2 -7 9 -1 -2 0 1 10 -3 -10 -4 -1 -8 -8 1 5 -2 0 -4 -4 -20 -4 -11 -10 10 1 1 -4 3 19 5 -4 -2 
8 -5 2 5 -1 0 1 -2 -11 19 1 15 -4 7 -5 5 -8 -4 7 4 10 6 -6 5 -9 -4 8 -6 -10 -3 6 1 5 -4 -9 10 8 9 -9 0 1 3 8 -5 2 5 -1 0 1 -2 -11 19 1 15 -4 
-12 7 -11 9 3 -4 2 2 8 6 9 7 4 -7 1 0 -8 -8 -6 0 0 5 7 -4 -8 -7 3 -1 6 7 -10 4 2 2 -4 2 5 -9 -1 -8 5 1 -12 7 -11 9 3 -4 2 2 8 6 9 7 4 
9 6 12 18 -16 -7 2 3 3 -1 -8 1 1 -10 10 -5 7 -10 -9 -10 5 4 5 -2 5 -6 7 -10 7 -4 2 9 4 -3 5 2 8 -7 6 -8 9 -4 9 6 12 18 -16 -7 2 3 3 -1 -8 1 1 
-3 -11 -5 4 7 -3 -10 -9 -4 2 -2 9 -4 6 -3 -8 5 4 6 0 9 -1 10 4 -7 3 2 -1 -10 -1 -9 -4 4 -9 -6 2 5 4 -4 0 -6 10 -3 -11 -5 4 7 -3 -10 -9 -4 2 -2 9 -4 
4 -6 3 -2 -8 -5 -8 4 18 -8 -11 11 2 -4 -1 -6 -6 -3 -4 -1 5 8 -8 -6 5 -9 1 -3 6 -10 7 -2 -3 8 10 -6 5 -5 -6 10 -9 -3 4 -6 3 -2 -8 -5 -8 4 18 -8 -11 11 2 
-6 -8 -6 5 -12 4 0 -2 -3 -4 14 10 -1 5 3 10 6 -2 8 -9 0 5 -5 2 -7 10 -8 5 2 -8 5 4 -4 -5 9 -3 6 -9 -3 8 -3 7 -6 -8 -6 5 -12 4 0 -2 -3 -4 14 10 -1 
-1 -5 -4 -17 -1 5 4 -8 4 -8 11 -1 -1 -2 9 -3 7 -6 -3 2 -7 4 9 2 2 5 4 9 -4 -3 7 6 -10 1 7 1 8 -9 5 -10 -8 -7 -1 -5 -4 -17 -1 5 4 -8 4 -8 11 -1 -1 
-8 -9 1 2 0 1 7 -10 9 -4 6 -1 12 -9 8 -4 4 4 7 3 1 -5 3 -2 -6 7 -3 -4 -9 5 6 -3 -1 10 -9 9 -4 -9 2 -1 6 -7 -8 -9 1 2 0 1 7 -10 9 -4 6 -1 12 
-7 -6 1 -14 1 -8 3 -4 4 0 -8 -12 14 -7 3 4 5 -1 3 10 8 0 0 10 8 -5 5 7 1 -4 8 -9 3 -4 -6 -6 -2 8 1 2 2 -7 -7 -6 1 -14 1 -8 3 -4 4 0 -8 -12 14 
11 1 -9 5 13 1 -9 11 8 -4 1 -4 11 3 5 5 7 4 -6 -9 0 2 1 3 5 -6 1 -3 10 2 -7 8 -9 -6 2 -6 1 -6 1 -6 -10 8 11 1 -9 5 13 1 -9 11 8 -4 1 -4 11 
8 -19 7 7 11 2 -5 -6 9 5 4 -17 -6 -4 -2 -1 -10 -5 -4 8 1 5 -7 6 5 -5 -4 9 7 -10 -3 -9 2 6 2 -2 -3 4 8 -10 -6 0 8 -19 7 7 11 2 -5 -6 9 5 4 -17 -6 
1 -18 -6 -8 5 -7 4 6 -4 -9 0 -7 4 -2 -4 2 1 -8 -9 10 -6 3 -2 10 2 10 5 -2 8 -2 -9 9 0 9 9 9 5 -5 2 3 -3 -7 1 -18 -6 -8 5 -7 4 6 -4 -9 0 -7 4 
2 12 -1 5 3 -12 8 -1 -4 -6 -10 -1 8 9 5 6 1 -3 8 -1 -6 -1 -3 -8 -1 -8 7 10 9 1 6 7 3 5 -5 4 -3 -9 -8 1 5 -1 2 12 -1 5 3 -12 8 -1 -4 -6 -10 -1 8 
-3 -8 7 -8 11 -4 4 -6 -6 1 -8 3 8 4 -8 -4 -6 6 5 9 8 -5 5 1 1 -6 -7 -8 -2 -4 -6 -2 2 7 -5 5 -1 7 -10 2 8 -6 -3 -8 7 -8 11 -4 4 -6 -6 1 -8 3 8 
4 -10 -9 -4 3 -8 -14 0 2 -6 2 -7 -7 3 -7 3 5 0 -7 2 7 2 1 -4 0 -2 5 -3 -4 -9 -9 -1 -5 -9 -1 8 -6 4 -5 -9 -9 -8 4 -10 -9 -4 3 -8 -14 0 2 -6 2 -7 -7 
-9 9 4 9 0 2 15 1 5 7 11 12 -8 -1 -2 10 -2 4 3 -1 9 -5 10 -5 -9 -3 -4 7 10 -3 -3 -5 -7 -9 -1 -4 8 7 -3 9 0 -7 -9 9 4 9 0 2 15 1 5 7 11 12 -8 
11 16 7 6 3 -6 -8 0 -9 3 16 -13 -12 8 -6 -8 -4 -7 10 0 -8 2 -7 5 8 10 -7 -9 4 8 6 -9 6 -3 -6 3 2 8 -2 -2 5 -3 11 16 7 6 3 -6 -8 0 -9 3 16 -13 -12 
8 13 11 -5 7 10 12 7 -3 -12 8 2 -17 -1 16 8 1 5 -2 -5 5 5 -4 1 -6 -3 10 0 -1 -4 -6 3 13 4 8 0 -14 -5 7 6 7 1 -3 0 -3 -4 4 4 18 13 -12 -10 11 -10 -7 
-1 -8 3 -18 9 13 -14 -8 10 0 -13 5 -9 0 10 -9 -2 4 5 17 -4 -7 4 1 -2 1 -3 9 -8 -2 10 -18 -11 6 0 2 9 -11 -11 9 2 -13 1 -24 8 -3 -7 5 -21 -8 5 2 -10 -4 -13 
10 16 3 10 13 9 -7 -4 1 5 5 -19 -2 15 7 7 -4 -19 9 5 10 4 8 -5 5 -8 16 11 -6 2 -9 -15 -2 -6 0 -6 0 2 2 11 0 -15 -2 15 5 -8 11 8 -9 -8 5 -8 12 -6 -2 
19 -17 -1 10 12 21 9 -3 -9 4 -12 2 -3 6 -4 10 -2 -8 -2 2 6 -7 -10 6 4 6 -3 1 4 -4 -12 -1 -7 11 -7 -15 5 4 6 -11 15 -12 16 -6 8 19 10 8 23 -9 -13 -6 -15 14 -4 
-19 4 -14 3 8 -1 1 -7 -4 2 -1 10 -2 -10 13 14 7 -3 4 1 3 -8 2 -7 0 -6 0 16 0 3 7 -14 11 12 -1 6 -3 -1 -5 -6 -15 -2 -23 -15 3 5 20 -7 -1 10 13 0 5 6 -6 
-3 -22 -6 -3 -9 -6 14 2 -17 -14 -14 -3 21 6 -8 -16 0 -15 -1 6 -12 -14 3 1 4 10 7 5 -3 -6 5 -17 -1 4 8 6 -12 4 6 5 -3 6 7 -20 -1 -7 -5 -11 10 6 -5 -16 -10 -4 19 
3 0 2 -10 -20 -12 2 5 13 -9 8 3 8 2 1 5 1 9 -19 1 -10 1 -17 2 -16 7 -4 0 -5 1 5 -10 -9 14 11 -1 11 13 -6 -2 -8 -2 7 -11 12 -18 -8 -8 1 7 -4 -7 14 -4 16 
-2 -1 -16 0 4 0 0 -2 -18 15 15 0 -3 -5 2 2 -8 -16 0 -14 -3 -2 -6 8 -12 -5 7 -4 4 -15 -5 7 -11 3 -4 9 -7 6 3 9 3 -17 -3 -4 -20 -9 -6 9 -6 6 -22 10 18 8 -2 
-20 -9 4 6 17 1 -14 -8 -4 -1 6 -11 -4 -13 2 3 9 -14 -6 3 1 -9 -10 15 0 1 -10 12 -2 8 6 -11 5 5 11 -4 -8 -11 0 -8 -3 -11 -3 8 9 -11 20 19 -12 -4 3 -9 15 -8 2 
-21 5 7 -20 -15 20 15 12 5 15 -21 24 -10 8 6 3 -7 -5 13 -2 19 -7 11 1 -1 13 4 16 3 -5 -14 1 -10 -11 14 14 -9 -8 4 9 15 -2 -8 -5 -9 -21 -6 8 2 -1 5 8 -24 14 -8 
7 10 -19 9 -10 3 -14 -23 -3 -5 11 -21 6 -18 0 -2 -1 -6 17 -5 -10 -8 -9 -1 0 -10 4 -10 4 -15 -10 6 6 -4 9 10 3 3 -3 -7 -11 -6 -8 4 -14 15 -6 6 -13 -16 8 1 -1 -5 -2 
8 -1 -10 -3 7 -1 -9 14 -16 18 -5 -2 -2 -15 2 -1 -8 -13 16 -5 1 7 -3 8 -16 3 7 3 9 16 -11 1 0 1 0 -2 8 -13 -14 9 -20 2 -4 -1 -10 -12 1 11 1 4 -19 15 -5 -3 6 
-3 -3 -3 -13 -17 -6 5 3 6 8 -17 -2 4 -10 10 -9 -13 3 11 9 4 0 -3 4 4 3 5 6 -12 8 -3 -7 -3 -16 -16 0 -1 -15 9 -2 1 10 -3 11 12 -13 -18 -7 -3 3 4 3 -16 5 -6 
Type Map:
0 0 0 0 0 0 0 0 0 0 0 0 0 0 0 0 0 0 0 0 0 0 0 0 0 0 0 0 0 0 0 0 0 0 0 0 0 0 0 0 0 0 0 0 0 0 0 0 0 0 0 0 0 0 0 0 0 
0 h h h h p h h h h h h h n h h h p h n n p p h p n n p z n n n h h p p z h n p h p p p p z p h n p p h n h p n 0 
0 n n n h n p n n h n h p h z p n n p p h n n p p n p n p h n p h n p z p p n n p p h p n n n p p h n p n z n n 0 
0 h h p p p n n n n n p n p p p p n h p p p p p n p n p p n p n h n n z n z p p p z n n p p n h n n p p p p n h 0 
0 p n p p p p p n h p n n n p n p n n n p p n n p p p n p p n n n n p n n p p p n p n p n p p h p p n h n n p h 0 
0 n p n n p p n n n p p n p n p p p n p p p n p n z n z p z p p n p p n p n n n n n n n n p p p n n p p p p n p 0 
0 p h p p n p p n n n n p p p n n z n n p n n p p p p p p n n p h n p p p n p p p n p n h n n n n p p n h n p h 0 
0 p n n n n n p n p n h n n p p p p p n p n p n p n p n z n p p n n p p n p p n n n n p n p n n n p n n n p n n 0 
0 n p h n p p n p n p p p n n p p n n z n n n n p n n p n p n n p n p n p n p p p p n n p n n n p p n n p p p p 0 
0 n n p n p z n n n p p n p n p p p n n p p n n p z p n p n p p n p p p n n n z n n n n p p p p p n n p p n n n 0 
0 n p n h n p p p p p n p n p p p n n p n p n p p n p p p p n n p n n p p n n p p p n n p p n n p p z z p n p p 0 
0 p p n p n p n n p n p n n n z n n n p n n n n n z n p n p n n p p n p p p p n n n n p p n p n n n n p p p n p 0 
0 p p p n n p p p n p n n p n p n n n p n p p n p n p p p p p n p z p z n p n n p n p n p z z p p z n n p p n p 0 
0 n n n n n n n h p n n p p n p n n p p p p z n p p p p p n p n n n n n z n n p n p p n p n n n n p p p n n p p 0 
0 n p p n n p p n p n p n n p n n p p z p n p n n p p p n p n n n p p n p z n n n n z n p p n n p p n p n p n n 0 
0 n n n p n p p n n p p n p p p n p p p p n n n z p p p n n p p n p n p z p z n p n p n n n p n p p n n p p n p 0 
0 n p p n p p z n z n n n n p p n p n n n p n p z n p p n p n n p p p p p p p n n z p n p p n p p z n z n n n n 0 
0 n n n p p n p p p p n p n n z n p p p p n n p p p p p p p p n n n n n n p p p n p p n n n p p n p p p p n p n 0 
0 n p n n n n n p n n p n p p p p n n p n p n n n n n n p p n n n n n n p n n n p n p n p n n n n n p n n p n p 0 
0 p p p n n p n n n p p p n p z p n n n n n n p n p p n p n n n p p z n p p n n p n n p p p n n p n n n p p p n 0 
0 p n n n p n p n p z p n n p p n p p p p n p p n n n n n n p p p p n z p p n n p n n p n n n p n p n p z p n n 0 
0 p n p n p z n p p n p n p p p p n n n n n n p n z n n n n p n n p n n p n n n n n n p n p n p z n p p n p n p 0 
0 n n n p n p n p n p p n z p p z p n p p n n p n n p n n p n n n n p p n p p p n n n n n n p n p n p n p p n z 0 
0 p n p p p p p n p n n n p n n n p p n n n n n p p p n n p n n p p n n p n p n n p n p n p p p p p n p n n n p 0 
0 p n n n p p n p p n n p p p n n n n n n p n n n n p n n n n p n p p p n p n p n p p p n n n p p n p p n n p p 0 
0 n n n n p p p n p p p n n n n p n n n n n n p n p n n z p p n n n n n n p p n z n n n n n n p p p n p p p n n 0 
0 p n p p n z p n n p p p n p n p n n p p p p n p n n p n n n p p p n n p p p n z p p p n p p n z p n n p p p n 0 
0 n p n p p n p p p p p p p n p z n n n z z p p n n n p n p p n p p p n p p n n n p p n p n p p n p p p p p p p 0 
0 p p p p n n p p p n n p p n p n p n n n p p p n p n p n p n p p p n p p p n p n p n p p p p n n p p p n n p p 0 
0 n n n p p n n n n p n p n p n n p p p z p n p p n p p n n n n n p n n p p p n z n p n n n p p n n n n p n p n 0 
0 p n p n n n n p p n n p p n n n n n n n p p n n p n p n p n p n n p p n p n n p n n p n p n n n n p p n n p p 0 
0 n n n p n p z n n n p p n p p p p n p n z p n p n p n p p n p p n n p n p n n p n p n n n p n p z n n n p p n 0 
0 n n n n n p p n p n p n n n p n p n n p n p p p p p p p n n p p n p p p p n p n n n n n n n n p p n p n p n n 0 
0 n n p p z p p n p n p n p n p n p p p p p n p n n p n n n p p n n p n p n n p n p n n n p p z p p n p n p n p 0 
0 n n p n p n p n p z n n p n p p p n p p p z z p p n p p p n p n p n n n n p p p p n n n p n p n p n p z n n p 0 
0 p p n p p p n p p n p n p p p p p p n n z p p p p n p n p p n p n n p n p n p n n p p p n p p p n p p n p n p 0 
0 p n p p p p n n p p p n n n n n n n n p p p n p p n n p p n n n p p p n n p p n n z p n p p p p n n p p p n n 0 
0 p n n n p n p p n n z n p n n p p n n p n p n p p p p n p n n p z p p p p n p p n n p n n n p n p p n n z n p 0 
0 p p n p p n p n n n n n p p p p p n p n n n n n n n p p p p p p p p n p n n n p p n p p n p p n p n n n n n p 0 
0 n n p n p n p n n p n p p p n n n p p p p n p p p n n n n n n n p p n p n p n p p n n n p n p n p n n p n p p 0 
0 p n n n p n n z p n p n n p n p p z n p p p p n z n p n n n n n n n n p n p n n n n p n n n p n n z p n p n n 0 
0 n p p p z p p p p p p p n n n p n p p n p n p n n n n p p n n n n n n n p p n p z n n p p p z p p p p p p p n 0 
0 p p p p p n n z n p p n n p n n n n p z n p n p p p n n p p p n p n n p p p n n p n p p p p p n n z n p p n n 0 
0 p p p n p p p p n n p p n n p p p p n n p p n p n n p z n n n p p p p z n n p p p p n z n n p p p p n n p n n 0 
0 n n p n p p n n p z n p n z p n n p p p n n p p n p n p n n p n n p z p p n n p p n p n p n n p n n p p n n n 0 
0 p p p p p p n n p p p n n p p p n n p p p p p n p n p p n p n n n n z n z p p p z n n p p n p p n n p n p n n 0 
0 p n n p p h p n n p n p n p n p n n n p p n n p p p n p p n n n n p n n p p p n p n p n p p p p p n n n n p n 0 
0 n p n p p n p n n p n p n n p p p n p p p n p n z n z p z p p n p p n p n n n n n n n n p p p n n p p z p p n 0 
0 n n n n n n p p n n n n p p n n z n n p n n p p p p p p n n p n n p p p n p p p n p p n n n n n p p n n n n p 0 
0 p z p n n n p p p n p p p p p p p p n p n p n p n p n z n p p n n p p n p p n n n n p n p n n n p p n n p n p 0 
0 n n n z p z z n n p p z n n p p n n z n n n n p n n p n p n n p n p n p n p p p p n n n n n n p n p n p p p n 0 
0 n n p p p p n n n n p n n n p p p n n p p n n p z p n p n p p n p p p n n n z n n n n p p n p p n n p n p n p 0 
0 n p p n n p p p p p n p n p p p n n p n p n p p n p p p p n n p n n p p n n p p p n n n n n n p p n p p n p n 0 
0 p p n p n p n n n n p n p n z n n n p n n n n n z n p n p n n p p n p p p p n n n n n p n p n p n n p p n n n 0 
0 p n n n p n n p n p n n n n p n n n p n p p n p n p p p p p n p z p z n p n n p n p n n n n p p p p n p n n p 0 
0 n n n n n n p p p p n n p n p n n p p p p z n p p p p p n p n n n n n z n n p n p p n p p n n n n p p p n p n 0 
0 0 0 0 0 0 0 0 0 0 0 0 0 0 0 0 0 0 0 0 0 0 0 0 0 0 0 0 0 0 0 0 0 0 0 0 0 0 0 0 0 0 0 0 0 0 0 0 0 0 0 0 0 0 0 0 0 
Treasure Value:
Average: 39045156.76
Median: -2.00

