Best Powers:
-2147483648
-2147483648
-2147483648
-2147483648
-2147483648
-29
-28
-27
-26
-25
-24
-23
-22
-21
-20
-19
-18
-17
-16
-15
-14
-13
-12
-11
-10
-9
-8
-7
-6
-5
-4
-3
-2
-1
0
1
2
3
4
5
6
7
8
9
10
11
12
13
14
15
16
17
18
19
20
21
22
23
24
25
26
27
28
29
30
31
Best Positions:
(0,0)
(0,0)
(0,0)
(0,0)
(0,0)
(0,0)
(0,6)
(1,0)
(2,0)
(2,2)
(2,18)
(3,0)
(4,0)
(4,1)
(5,0)
(8,0)
(9,0)
(10,0)
(11,2)
(11,9)
(13,0)
(13,2)
(14,0)
(14,1)
(16,0)
(18,0)
(19,0)
(22,0)
(23,0)
(25,0)
(26,2)
(27,5)
(28,0)
(28,7)
(29,0)
(30,4)
(31,0)
(32,0)
(33,0)
(35,0)
(37,0)
(37,6)
(38,7)
(38,70)
(39,1)
(39,18)
(40,3)
(42,0)
(42,2)
(43,0)
(46,0)
(47,0)
(48,0)
(53,0)
(53,5)
(56,0)
(60,0)
(60,3)
(60,9)
(62,1)
(63,0)
(68,0)
(69,27)
(70,2)
(71,0)
(74,0)
Power Map:
-6 0 20 8 -7 21 8 -7 -8 -4 -1 -6 -4 5 -9 -7 3 0 6 9 -8 -4 -2 16 -8 7 3 -4 -10 14 7 -11 2 -12 -10 -16 -16 -26 9 9 -2 5 12 17 9 -7 -3 -5 -14 -16 0 8 -5 -13 0 -14 11 5 -7 -3 10 0 -6 15 -12 -13 11 17 4 14 -2 -24 -14 -7 -22 11 
14 11 -5 0 13 0 11 11 20 7 6 -5 10 -2 1 -2 11 8 4 1 1 -5 -16 -11 -1 -12 -22 -11 -14 -16 13 -11 10 -10 13 -6 9 8 5 -17 5 7 16 5 9 4 10 16 -13 0 3 -12 2 10 12 2 9 -8 -10 -6 -4 -2 -25 -16 -10 0 -1 4 -11 5 -9 8 0 16 1 -13 
6 -17 -21 13 1 -21 3 1 3 0 -1 -15 20 -19 1 -14 12 14 -7 16 6 1 12 0 1 1 -27 8 4 2 2 7 -9 -19 -3 8 8 14 -22 -4 -1 -6 -20 7 -7 -8 -3 -12 -6 12 -11 -9 -6 2 -2 -2 9 12 -10 7 -8 -14 -1 -17 17 -3 16 -3 -5 -1 -18 6 -9 12 12 0 
-2 4 8 13 7 12 -7 -9 -5 2 4 5 -6 5 11 -5 14 8 0 -2 -1 1 4 21 2 -16 4 6 -10 11 -10 2 0 -5 -9 -5 -11 6 6 11 18 13 1 -3 -3 6 6 -4 10 2 -6 7 -13 17 -1 -11 -14 4 3 2 23 -4 3 14 2 -14 1 -5 -2 0 -9 5 -5 5 17 -1 
5 -11 5 -2 -1 7 15 11 7 -16 -6 -4 3 -8 4 -12 8 -5 6 -16 16 18 -20 -5 7 -13 -3 -5 -2 17 22 -7 7 -2 20 -9 13 -6 -1 4 0 -7 -10 15 22 13 -10 -10 4 14 7 -5 -4 11 -2 0 -17 0 15 -22 -8 7 1 -6 9 -20 4 4 -16 16 12 7 4 16 2 0 
-11 -1 6 -6 -17 6 9 -12 21 -5 -6 -19 8 8 -9 -14 11 5 -6 -7 -19 4 15 16 4 -13 -4 -23 -3 8 -12 -9 -4 2 7 -2 -7 -10 22 12 -1 -8 5 15 -16 11 -7 -7 -11 8 2 -8 -23 19 7 -5 -8 -17 3 8 10 3 -13 -4 -21 -20 9 -13 4 -13 3 1 -7 -17 -2 10 
27 0 1 -17 -13 11 -5 8 0 -3 -7 6 -12 8 12 14 -2 3 -18 -8 -7 -2 -14 15 2 8 10 -8 4 6 -6 1 5 12 -14 -15 -9 24 10 1 -14 -3 3 6 -8 -7 -2 3 11 1 13 13 -2 -13 -13 -11 0 1 -2 -1 0 7 8 17 -4 8 -1 -13 -7 0 12 -3 -9 -24 23 9 
0 14 -6 -10 3 4 -22 7 6 4 2 8 -7 0 -4 -11 2 11 15 14 -10 8 9 -15 15 -6 -3 -2 -28 18 -13 1 10 -2 10 19 -3 -1 31 -6 -1 8 -4 -7 -5 1 7 -4 -1 -10 -3 5 1 4 6 9 12 -13 16 -2 -5 5 0 1 8 -17 13 3 15 15 -5 15 21 0 15 17 
8 -15 4 12 0 -28 -5 -7 13 -8 0 -5 -7 -11 4 7 12 -19 10 -17 1 7 -7 13 -6 4 8 5 -10 4 2 -4 12 18 3 -4 6 7 -5 17 -3 2 -28 3 -15 0 -5 -6 -5 -11 2 2 -7 10 -5 6 -17 13 5 -5 3 -15 -8 0 -11 -4 0 16 1 7 9 3 2 11 2 -15 
8 11 -6 -10 8 3 -9 -7 -1 -17 -6 26 -16 2 13 -16 -17 -4 -3 -24 2 10 0 10 2 13 8 -15 5 3 22 15 9 3 -11 -7 7 11 8 2 -1 26 -3 7 -17 -3 -9 -4 12 -11 -3 -5 -5 -19 -14 12 -9 -5 19 8 28 3 13 19 -16 -2 -1 20 10 2 -3 -8 -5 -6 -9 5 
8 1 -8 0 -2 14 -1 -20 -16 -18 1 1 -16 9 13 4 -5 -1 16 13 16 14 -11 -4 11 -1 10 1 5 -15 0 5 13 6 0 -2 -11 -5 2 -3 -12 -7 4 -5 -11 -4 -19 -2 -5 -19 2 15 8 8 11 1 11 19 7 2 15 0 15 9 -1 0 -17 -9 4 4 -5 7 -5 1 11 3 
-3 2 -2 -4 19 5 4 -14 -13 8 9 8 1 1 11 4 6 -12 -16 -22 -12 5 12 -17 -4 2 4 -14 6 12 3 -15 -9 -4 -9 -4 -1 -14 -10 -5 6 8 -3 12 -6 -19 14 12 5 -8 0 3 14 -6 -22 -9 -22 -10 -2 14 -7 7 -1 -14 -8 4 12 -6 -26 -7 9 -17 11 1 5 -4 
-3 12 -1 0 -7 -1 -4 4 -3 7 -5 14 -8 6 14 -1 -1 -15 7 -19 -20 23 -8 -8 5 -10 3 0 16 10 -10 5 19 -2 1 9 -12 -19 13 10 -5 -3 0 1 0 -3 -9 -10 3 -1 8 1 8 -11 -14 2 -26 -8 16 9 -2 16 -3 -2 -9 1 3 -12 4 18 3 -14 2 5 -12 13 
17 -8 3 3 -20 -12 -18 -7 -3 3 -15 11 -21 14 -17 -4 6 -3 -21 9 -2 -9 0 6 0 8 10 -2 11 -2 -6 -15 -7 1 13 7 11 4 -23 -8 3 -25 3 -5 4 -3 5 0 6 -6 7 -17 11 19 -1 -3 22 -6 -12 11 14 -4 -5 16 9 23 -2 -1 -11 -4 6 17 -10 0 -11 -14 
3 4 0 13 -7 -4 -10 -1 -11 -20 -25 1 6 0 1 2 -13 6 -14 14 0 -2 0 7 -8 -19 28 -2 8 -12 -1 7 7 1 2 4 -11 10 -1 -9 9 -14 -11 -14 -12 -5 -20 -22 7 3 14 0 13 -13 0 3 -3 10 1 -6 4 -15 -9 18 -5 -3 -4 4 2 13 13 0 6 0 -11 1 
2 -13 -8 24 2 2 10 4 10 -1 -13 -12 -11 -4 -7 -25 4 2 15 -8 7 4 8 13 4 7 10 6 5 -2 -1 5 -3 -12 12 -10 -15 11 -6 -10 21 13 -3 17 -3 7 3 -24 0 -17 -9 -19 -15 -13 1 22 0 13 15 -9 2 -13 7 9 0 5 3 6 5 1 -14 10 -4 -16 -1 1 
14 7 2 17 -17 9 -20 4 0 0 18 9 -8 0 4 -7 -6 -2 11 5 5 3 4 -8 -7 5 5 -12 12 11 -9 9 0 -12 7 -2 -2 7 16 4 14 -18 1 -11 7 -11 -9 7 16 -15 14 6 4 -15 -2 23 3 -4 6 11 -12 7 4 -9 -11 3 10 -3 21 -6 -8 5 -1 1 2 6 
-1 -3 18 1 -12 1 -13 9 17 8 -4 2 -18 12 1 -14 -3 13 1 -7 -6 18 -5 -1 -14 -8 8 6 -8 0 -15 4 -8 2 -19 -4 21 16 -3 7 0 3 1 -7 -2 15 12 8 -3 -18 7 4 -9 1 13 -8 1 -10 20 11 -7 -3 -15 11 17 10 -10 3 3 -6 -5 -12 1 4 9 2 
-4 -12 25 -15 -17 -9 12 8 -10 -8 15 12 5 12 -2 4 6 -6 -5 -20 8 -14 1 15 -23 -14 11 0 -15 -11 4 14 -1 2 -4 9 5 -5 -1 30 -9 -9 -10 1 4 4 1 21 14 -6 2 -10 2 -6 -16 -1 -5 18 -1 -6 11 -16 3 -2 10 -5 -21 0 6 -2 2 5 9 11 1 -2 
-15 6 -1 9 -8 3 5 -10 4 9 11 -15 -11 1 11 -1 7 -2 -14 -4 11 -1 -2 -1 19 -1 11 9 14 4 17 1 -11 -2 -25 15 11 -1 5 2 20 -17 21 3 -21 10 -5 14 -5 7 -2 -2 -9 1 -14 -6 4 12 -6 4 -20 15 -3 -3 -4 2 6 15 -19 -25 13 -24 9 9 -3 2 
8 8 6 17 -2 -3 -6 26 14 -4 10 2 -5 4 5 5 18 18 -1 -16 -10 -11 -15 -11 -17 11 -9 -11 -6 13 14 -16 -9 -12 -2 -5 -21 11 16 15 2 17 -2 -10 28 11 -10 14 1 0 4 -2 -2 6 14 5 -18 -18 -4 -3 3 -13 8 -15 -13 -5 1 7 -11 -15 -12 0 4 -12 10 7 
-18 8 5 -12 5 0 7 8 -6 15 -9 -1 -7 2 6 3 19 -4 -4 -20 -9 -7 16 0 9 16 17 11 6 -10 -4 -4 4 -2 16 -16 14 -2 -3 5 -1 10 9 5 7 3 20 -16 -4 -1 12 21 -2 15 -15 -6 0 3 4 10 9 6 7 13 -3 0 -12 -9 5 -2 5 14 -6 -2 -5 6 
12 -25 -3 -3 1 18 16 -9 3 -5 -7 13 -14 9 -1 21 -11 -1 -11 -1 -9 -1 6 22 18 3 0 2 9 4 8 -15 -18 15 1 5 4 5 -19 5 5 -9 3 11 -17 -8 12 -14 6 -5 16 4 12 -8 9 -8 10 -18 -15 4 17 6 -8 -8 3 8 -5 3 -10 -21 15 12 -5 1 4 -11 
-1 -10 13 3 16 -3 3 4 16 6 -4 -11 -14 -3 -1 -10 4 7 21 -11 -3 -2 5 1 -10 -14 -4 14 -5 7 -10 20 19 -10 11 -7 -10 -23 -5 8 1 13 3 6 3 6 5 -6 7 -6 14 6 -6 12 -1 15 2 -19 -1 13 -10 4 -3 -8 17 9 -1 -10 21 12 -17 8 -4 -6 -26 -12 
-11 -2 -2 10 -9 -4 4 2 3 3 -3 14 -2 6 0 -10 -14 9 -9 -8 18 -11 15 7 11 8 -6 7 9 -10 -3 -3 3 -4 11 3 -2 -7 -8 -6 14 -5 -7 -2 -12 -6 10 9 13 11 -14 7 -9 -3 9 9 -10 19 -7 17 16 9 9 -11 -13 8 -5 6 -14 -3 16 5 16 -13 -1 -17 
10 -19 7 -10 -5 -1 -2 -9 10 9 -12 -4 10 4 3 -8 -3 0 -2 0 3 -13 -2 -9 -20 -4 -13 -2 1 12 -4 -3 -3 -6 -13 -18 2 5 -6 13 -20 -5 4 4 -18 14 -5 -12 4 12 14 -4 6 2 7 -17 9 0 -20 -7 1 -7 -8 -5 -10 -6 15 4 0 -11 -2 -11 -16 2 8 1 
-10 -3 -20 16 15 9 -1 -6 -2 -9 -17 -15 -16 -8 -3 3 12 10 13 5 -8 15 4 -16 -2 -13 3 2 5 -8 15 -18 8 2 7 -14 11 10 -1 -20 7 11 5 12 -10 3 9 1 -13 -11 -10 -3 -7 0 3 15 12 -15 3 -3 -9 -8 -12 -9 -7 2 3 23 -16 1 8 0 -10 9 6 3 
-11 -12 2 -3 16 -6 -11 -1 -8 -5 5 10 19 3 -11 -17 -23 0 23 5 -1 7 -4 -8 -7 4 -2 -12 9 2 10 15 -20 -7 2 -8 -7 -18 -10 7 -16 18 -5 -15 0 -9 4 -2 8 8 4 -4 -20 -9 5 15 8 -9 -1 -2 2 -17 -3 2 -1 17 -8 3 20 -29 -14 1 -15 -10 -18 -20 
1 -12 16 15 -9 -2 24 7 14 -5 17 -9 -10 -3 5 -15 0 -18 2 -12 -10 -9 11 5 3 -14 -4 8 -11 -13 -14 11 -2 1 6 -14 5 -1 2 7 3 -6 -4 14 6 6 -3 4 2 -2 -14 0 -5 6 -25 17 -1 -1 -10 -1 10 12 -12 0 9 -5 -4 -9 6 -9 4 2 -18 -8 12 8 
2 -1 6 -17 -12 -15 -14 3 -8 -17 -5 14 14 -12 -2 -7 -9 -18 -1 14 2 8 15 6 4 21 12 -17 2 2 -2 -17 5 5 8 -7 11 21 -14 4 -26 -5 -3 -3 7 -7 -7 -11 18 26 -4 5 -10 -8 1 8 10 2 12 7 6 5 15 -8 -17 4 10 -2 -4 -6 14 4 -10 13 10 -10 
10 9 -3 15 -10 4 -3 -3 17 3 3 -3 5 -13 6 5 -6 2 10 14 -12 9 25 -12 -17 16 8 -1 2 -7 -13 2 3 8 -3 4 -3 7 -6 -9 6 -16 2 -13 -4 17 -8 0 1 -5 -11 0 5 0 5 -4 8 -12 9 7 -20 -19 8 8 -1 14 -14 -2 7 11 -9 6 1 -10 -6 -5 
-10 15 4 24 -7 0 0 12 13 0 -25 7 3 11 -7 -12 -7 8 1 16 9 -5 -12 16 -5 -21 0 -15 11 2 8 -1 1 -10 5 -9 15 -3 16 1 8 -7 7 12 -7 8 7 -20 8 -9 15 -1 -16 6 11 2 12 10 -8 -12 22 -10 -20 -6 1 10 -13 8 2 -12 2 -7 0 23 -16 23 
10 1 -2 14 -13 18 6 17 21 5 -6 11 13 -6 9 -13 -1 1 -4 3 -7 -6 -15 -21 11 -9 14 -14 -12 -12 -9 6 -6 -7 -1 2 6 23 -5 0 13 -4 21 21 1 13 6 6 12 -6 4 17 -4 3 3 10 10 -17 -11 -14 -4 11 -2 8 -18 -12 -4 -11 25 6 -7 2 8 12 12 -7 
0 8 -25 -7 -4 -6 13 9 14 -3 -8 0 6 -3 -1 -16 14 -5 14 -8 12 12 1 3 -10 -5 -24 -3 7 9 0 8 -6 -13 10 -6 7 -16 11 -21 -12 -6 -7 9 6 10 -1 -9 13 5 4 -13 -12 1 9 4 10 13 1 4 1 -2 -13 -15 13 6 3 5 0 -10 -4 -5 -4 -10 -5 20 
-13 21 9 4 6 7 -6 -14 1 -5 -12 14 5 1 3 -2 3 -19 6 -9 -8 5 8 7 9 0 -7 2 4 10 -10 -9 19 0 13 0 -19 1 2 9 -2 5 15 1 -11 -6 -11 -7 -2 13 2 -3 -1 -7 -23 10 -5 2 7 27 2 4 -1 -14 -15 -1 18 -3 4 13 -4 6 19 -4 8 12 
6 16 -10 1 7 19 9 -14 14 -11 -1 1 -10 -3 14 3 2 9 -12 11 -4 6 -3 -9 -1 5 8 10 -8 0 -18 11 7 -12 11 14 8 -6 18 -16 2 0 15 8 -22 6 2 6 9 3 4 2 10 3 22 -13 14 -1 -6 -13 -9 1 1 18 5 2 -3 -8 12 11 -2 7 14 -2 -15 7 
1 1 5 10 21 0 10 1 2 11 5 -8 -13 2 -10 3 3 -11 -2 8 -3 -6 -3 8 -6 -14 -7 13 -12 6 15 14 0 9 -2 3 -10 0 -14 18 -6 9 20 -3 1 -5 24 -11 0 -24 -2 -15 -1 1 -14 6 11 -16 -2 -19 9 3 -14 -11 5 -7 -9 23 17 -2 11 -12 -7 -4 0 -12 
-2 13 23 17 -3 9 11 4 20 14 -25 5 -7 -20 -4 -7 -3 7 8 -9 -6 -6 -10 22 -10 3 17 -6 -3 7 9 -7 12 -2 -12 -25 -10 -4 9 8 -5 -8 24 9 -7 4 10 9 15 -2 -13 -10 -12 -1 2 -1 16 -16 0 18 18 -11 -2 15 -3 -9 30 4 -16 -5 5 -18 -23 0 -19 22 
17 3 1 19 9 7 0 -2 4 3 -12 -19 -13 -11 5 -11 12 19 23 8 -3 -19 -22 -14 2 -13 -22 -25 -1 5 7 -11 -4 3 -1 2 22 -11 3 0 -1 20 0 10 25 18 19 8 4 12 -17 -7 -10 7 -2 13 8 5 0 -11 3 0 -14 -23 -1 1 -18 3 -21 -1 4 15 -15 15 2 -22 
8 -22 -2 -7 10 -23 6 5 7 0 0 -5 13 -10 -1 -5 10 9 7 15 -8 -11 4 5 -14 -7 -18 6 8 12 1 -1 -17 -24 8 6 12 18 -15 -6 4 7 -17 8 -8 4 6 -5 -10 21 -8 -3 -20 3 -3 11 8 -4 2 19 6 0 1 -16 17 12 3 -9 -1 -3 -17 4 -8 13 14 -5 
-12 0 6 5 17 -1 -19 -6 9 -1 -3 -6 10 -7 5 -5 8 2 2 -5 -8 -1 -2 16 7 2 0 10 -10 6 1 5 -8 8 6 -11 -8 -11 -15 14 9 5 15 -4 -3 -4 -1 9 3 3 2 16 -13 9 -3 0 -3 -13 6 -7 18 13 -7 6 18 -26 0 5 -2 -13 0 -8 -3 5 7 -5 
10 -6 21 4 -6 5 28 6 3 -21 -2 8 -5 5 -5 -6 19 5 15 -13 14 15 -18 -11 15 -11 -1 -5 -7 2 5 1 6 -4 6 -1 7 15 -4 12 -8 -10 -2 17 9 16 -10 -6 -11 3 -13 3 -8 10 -4 9 -20 0 15 -18 3 10 -1 -17 7 -1 13 8 1 13 9 3 -12 12 7 5 
-17 5 8 -11 -19 -13 5 -5 10 -3 -11 -7 13 6 -8 -15 7 -1 -6 -11 -26 -3 6 3 -6 -10 -2 -26 -8 5 -10 3 -6 3 9 -11 0 -21 5 13 6 -7 -7 10 -9 18 0 -12 -8 25 -4 -2 -20 14 -5 -22 -22 -16 2 13 7 8 -12 1 -23 -2 5 -22 2 -16 -5 13 5 -6 -8 16 
18 5 6 -21 -10 -5 -3 6 7 3 9 7 1 -5 14 5 -8 -4 0 -2 3 -9 4 4 -4 23 10 -10 8 5 -2 5 -11 22 0 -15 -6 28 5 1 -14 -7 -6 5 -12 0 5 -2 24 -5 -1 24 -2 -13 -4 -1 -17 -12 7 -7 -4 4 9 14 -11 -5 8 3 10 -3 17 -7 -15 -9 14 14 
-15 15 -10 -10 -2 10 -3 0 -6 -8 11 3 -2 7 5 -9 -10 6 21 12 -4 8 11 1 10 6 12 0 -17 7 -4 8 14 15 7 16 -5 0 16 -14 -3 12 -7 -4 13 -7 -12 -3 5 -14 2 -6 -5 1 22 9 22 0 19 0 1 9 0 11 9 -19 13 -7 -3 15 7 1 19 -10 0 18 
13 2 5 4 -1 -26 -4 -2 5 -5 -8 -1 -22 2 -1 6 8 -3 19 -19 1 13 4 -3 -6 -13 -4 1 3 0 15 7 4 16 -10 -14 4 11 -5 10 8 -7 -26 -3 -6 -6 -12 8 -16 -5 -2 7 0 0 -6 13 -16 -3 17 5 5 -21 -1 11 -1 5 -10 3 5 7 8 -11 -5 6 7 2 
0 6 5 -2 8 3 -10 -3 2 -11 -22 13 -16 5 8 -4 -23 -11 8 -10 -13 -1 -5 10 -2 7 12 -18 3 9 17 8 9 2 -19 -3 5 -12 18 -10 -14 6 -6 6 -12 -7 -11 -4 12 -8 14 -4 -8 -19 -1 1 -14 1 -1 -6 9 15 3 12 -23 3 10 16 9 16 -8 -10 -6 6 -17 0 
-2 -3 -15 -12 3 2 -11 -15 -10 -15 -14 -2 -10 -5 1 7 -3 3 6 2 16 3 -5 11 -2 -2 7 -12 12 -6 -17 5 -2 -1 -6 10 -6 18 -4 -4 0 9 -5 -1 -11 -6 -17 -6 -18 -15 -9 1 23 -6 8 1 1 21 6 5 -4 9 9 7 -15 10 -7 -4 -5 -3 -6 5 0 -5 1 -1 
-13 11 -10 0 16 5 4 -13 -7 11 9 10 6 -7 12 5 -9 -14 2 -27 -13 -4 14 -15 -6 -1 3 4 -2 9 8 -13 8 -8 -17 -3 6 0 8 -13 1 8 11 19 -6 -12 18 18 13 1 12 7 4 6 -15 -1 -25 -13 4 14 -9 -3 0 -11 6 -5 15 -11 -15 2 0 -8 14 -9 -5 5 
0 7 6 -7 -18 -13 12 -8 -12 -4 1 5 8 0 -3 -9 5 -15 7 -21 -2 18 -5 -19 10 2 8 -1 5 15 1 -6 15 2 2 -1 -7 -6 14 0 3 -2 -13 9 -11 3 6 -4 -1 4 -8 9 5 4 -28 20 -21 0 18 7 -4 2 -7 -6 4 2 -1 3 -6 17 9 -1 -4 -1 -9 8 
9 3 10 12 -15 8 -7 4 -10 -6 -4 3 -2 3 -14 3 7 -5 -11 11 4 -1 5 -1 7 2 10 -6 13 -9 0 2 -6 12 21 -5 0 0 3 -5 6 -15 -5 0 2 -17 -2 -8 7 -7 9 -12 -1 13 -18 -4 9 1 -11 2 5 -6 1 24 8 13 -2 4 3 5 14 12 -1 -2 -19 -3 
7 9 -3 0 -8 -1 -10 -12 -16 -15 -25 4 -13 13 -4 -3 -15 13 -5 9 8 -17 1 12 -16 -15 19 2 -5 -7 2 3 12 3 17 0 -7 -10 4 0 -1 -1 1 -8 -2 -1 -20 -21 12 -5 3 0 0 -10 -4 4 1 3 -9 -13 4 -6 -14 19 -7 12 2 -8 0 10 7 2 8 -3 -7 6 
-3 -15 3 25 3 -5 6 10 11 18 -18 0 -13 8 0 -13 2 17 13 -4 22 1 5 -1 4 21 18 10 -1 17 3 13 -4 -8 11 -6 -9 -6 -20 -3 23 6 0 3 -5 11 4 -14 -15 -13 -1 -4 -16 -5 1 13 -18 9 -2 -1 7 -13 7 14 11 9 3 16 16 9 -8 27 -22 -5 -6 -1 
5 6 -10 20 -9 3 -3 15 -10 -8 4 9 -17 12 2 -1 -3 -14 17 1 7 -4 15 -4 9 16 8 -18 8 -3 -3 10 -4 2 25 9 3 3 -3 -11 12 -10 8 -2 10 0 -1 7 20 -11 -2 0 4 0 3 12 6 -8 -2 3 -9 -9 17 -1 -22 10 -6 -18 11 -2 6 8 15 -2 -7 5 
5 -4 7 -17 2 10 -19 2 7 8 -3 15 -20 11 12 -25 -13 15 -3 -10 2 12 0 -7 -12 -19 19 8 12 -1 -8 5 -17 -10 -10 8 7 12 -16 13 -5 -14 3 -6 12 9 2 8 7 -19 3 13 -9 -6 10 -17 4 -1 16 0 -12 -10 -6 16 8 -8 2 2 -6 -14 1 -19 1 10 15 1 
-4 -15 25 -14 -19 -12 0 3 3 7 19 25 -5 2 -4 18 4 1 -8 -10 5 -1 -10 17 -10 2 7 1 -9 -19 8 10 6 2 5 -1 7 0 -17 25 -13 -12 -20 8 -3 0 -9 17 15 -6 5 -8 9 -4 3 -16 -10 5 4 -9 14 -11 -6 2 1 -16 -12 -9 15 6 9 3 4 1 1 -5 
-3 14 -7 8 -10 2 15 -7 -5 -1 8 -4 -8 10 -3 6 -12 -1 -14 -13 10 0 -15 -6 13 -11 6 2 4 10 20 -8 -12 8 -26 16 20 -9 11 12 5 -7 10 4 -10 0 3 18 -18 9 0 12 7 -2 -16 -11 1 18 -14 -2 -6 19 -12 -5 -4 7 22 23 -1 -9 -1 -27 11 11 9 10 
2 10 12 8 10 -14 1 24 12 6 6 4 -5 7 8 -8 3 7 7 -6 -13 -6 -3 5 -14 6 -15 -13 14 -2 8 -5 -15 -20 -4 -10 -8 -1 17 6 9 -1 1 -3 24 11 8 18 11 -11 -6 -2 8 3 12 -2 -5 -19 0 -9 -12 -13 20 -15 -20 9 0 16 -4 -18 -22 -3 -7 -13 4 9 
-15 -4 8 4 10 2 -10 5 -2 14 3 6 -7 -6 10 -5 14 -5 0 -9 -10 -6 4 14 5 5 10 9 -9 -17 -14 10 2 6 20 -16 -2 -15 5 -3 -6 20 -8 -2 4 5 23 4 -13 -18 4 5 13 12 -12 10 -1 4 6 0 1 16 17 20 4 -3 -6 -6 -2 8 -6 19 -7 5 -2 -6 
10 -19 -9 3 -18 12 23 -6 -9 9 -20 21 2 23 13 10 -7 16 -12 4 -8 -10 4 13 2 10 2 -5 -7 -16 17 -14 -17 25 3 -9 8 15 -21 -5 10 2 6 10 -7 -7 -7 -10 8 -4 9 -1 11 2 3 -8 11 -19 -4 19 14 7 -5 -18 12 -10 -1 2 -15 -25 14 2 -3 8 2 -5 
3 -2 17 20 20 3 7 0 9 1 -10 5 1 11 4 3 10 17 9 7 -10 0 9 -13 -1 -2 2 19 5 12 4 21 9 -12 6 -3 -7 -12 -21 4 9 11 -3 17 -4 14 18 -1 -7 4 -4 18 -2 7 1 9 -7 -1 -9 18 -5 -5 -8 -2 22 6 9 -2 25 11 -18 -1 5 -13 -22 -4 
4 -4 -6 4 -10 -3 1 -14 -3 -4 -2 9 10 -8 -6 -6 -2 4 -1 0 24 1 22 0 -1 -5 1 -7 16 0 -1 -3 -1 7 -2 0 -1 7 -15 -7 11 -9 -10 0 3 0 -6 17 3 -1 4 8 -11 -5 -1 1 -6 23 -10 12 -2 2 0 1 4 9 -9 16 -4 -2 -1 -8 -1 -14 14 -19 
-3 -10 7 -9 -24 -7 -8 -5 12 10 -5 -7 8 -1 6 -2 9 -2 -6 -11 -10 -11 1 -12 -2 6 -9 4 0 3 8 3 -6 -17 -15 -12 1 3 2 12 -15 -8 -8 3 -1 15 1 -10 -8 0 -2 7 -2 -11 -2 -5 -1 1 -19 -10 2 -4 6 0 -10 8 9 7 -9 2 -5 -15 -8 -11 -5 10 
-1 0 -14 15 -2 9 1 3 -11 -10 -3 -27 3 -16 3 -10 1 9 12 22 -19 1 1 -10 4 -21 -11 0 17 0 13 -6 5 4 10 -12 9 -8 9 -18 10 0 13 3 -2 7 7 -8 -14 3 -8 -3 -1 11 17 5 6 -9 2 7 -7 -12 -20 2 11 -3 8 12 -8 -8 1 -2 -21 25 15 6 
-5 -5 3 -6 11 -1 -11 14 -12 1 -10 11 3 -3 3 -21 -9 -3 10 2 4 7 -3 9 3 8 6 -2 15 -9 -3 23 -20 -2 10 -7 -13 -5 -22 15 -5 18 6 -8 5 -16 -3 -2 7 3 -10 3 -23 -7 10 12 0 0 14 6 -3 0 -6 18 6 10 -6 -4 17 -21 -10 -1 -3 0 -12 -13 
-17 -5 12 10 -8 -3 10 -7 22 -12 2 0 3 2 -4 -5 4 -17 1 -14 -6 -18 3 -4 0 -1 0 1 -1 -9 -7 11 -4 15 7 -17 -3 -2 -2 7 2 -19 -6 12 3 6 5 10 -2 -9 3 8 -11 -10 -18 7 -6 -16 -20 -7 -5 6 0 -11 6 -10 -16 -15 -1 6 10 18 -20 -9 -6 15 
-3 9 2 -20 0 -12 -4 10 -4 -4 -2 20 12 -7 -5 -15 -15 -8 -7 12 0 5 4 -7 -3 16 -6 -9 8 11 17 -17 -8 3 -3 -5 1 -1 9 21 -18 5 -6 0 4 4 -2 -9 11 11 -4 2 -4 -13 -2 3 24 17 2 13 -8 12 23 8 -8 4 -2 8 -4 9 -1 3 1 -1 5 0 
21 6 -3 16 -8 9 -10 -4 16 12 7 -14 -7 -23 1 9 -9 11 5 14 -4 21 7 -18 -20 8 15 -2 2 -21 -2 7 20 -2 -5 4 -1 11 -4 -18 8 -17 18 -1 2 28 -1 11 1 1 -10 11 11 -9 3 -2 3 -14 6 12 -10 -16 22 11 13 3 -9 -7 -7 2 6 -10 3 -16 5 -8 
6 4 5 8 -9 5 2 3 11 0 -19 9 -14 11 12 -8 -3 -5 0 17 19 -3 -10 15 8 -11 -11 3 5 4 17 9 -4 -13 -7 0 13 -11 16 2 14 -13 12 1 -2 16 17 -17 9 2 23 2 -6 7 -8 -9 9 13 -11 -2 13 4 -11 -7 -4 10 -2 21 17 3 -3 0 -18 18 0 12 
7 2 0 22 -7 26 13 4 11 19 6 10 -4 -4 8 6 -11 4 12 10 -7 -4 -8 -3 19 4 12 -13 -9 4 -25 7 13 -2 6 4 17 3 5 -13 11 -6 19 5 -1 12 6 -3 6 6 0 2 2 -9 1 -3 1 -5 -21 -11 -5 19 7 2 -15 -18 -3 -12 7 -1 7 14 19 10 9 -6 
-1 5 -22 -7 3 -12 10 12 12 -2 -9 -2 -7 -12 -5 -4 -4 5 11 9 19 -5 18 8 1 -3 -19 -2 21 -7 7 18 -4 -7 7 -10 -9 -1 29 -19 -10 -8 1 16 9 15 3 2 13 2 5 -11 -7 4 -9 4 -5 22 4 1 21 -10 0 -14 7 2 1 9 1 -22 -3 0 -4 9 -6 17 
-9 5 6 0 2 21 -4 -20 -7 -4 -11 3 15 4 -5 -15 -3 -17 9 9 0 2 8 4 6 9 -18 -7 9 21 2 -13 7 -15 20 8 -3 -6 17 15 13 17 8 -15 -9 -15 -13 -12 0 9 5 -4 -9 -2 -16 -1 2 9 1 11 2 5 -8 -12 2 15 11 5 0 9 -5 6 3 -1 12 -4 
12 17 0 -5 -1 17 2 -12 16 -4 -4 12 0 6 2 7 4 12 -11 11 -17 -12 0 -12 4 -2 6 21 8 6 -9 9 10 -12 -3 25 16 -5 19 -1 -1 12 24 5 -18 12 7 2 -1 4 -1 3 -2 -6 11 -3 3 -5 3 4 -24 8 2 7 6 -8 -9 -7 10 23 -10 -6 16 -1 -9 8 
6 -2 -1 6 10 5 1 3 -4 12 0 9 -10 -2 -5 7 -12 -20 11 1 -12 3 -8 13 1 -16 -1 -1 -9 2 8 3 -12 11 -6 -1 0 -1 -11 2 -1 5 5 4 1 4 10 3 -1 -10 2 -9 6 -4 -9 -3 -5 -5 -16 -9 12 8 -10 -11 -2 -11 -5 8 5 -7 23 5 -4 -16 5 -15 
13 0 15 8 -10 12 -4 -16 12 14 -3 22 15 -18 -19 2 13 -7 21 -4 -26 -6 2 18 -17 2 11 7 -2 9 -8 -22 1 7 -2 -16 -8 2 3 4 -2 2 3 5 0 13 15 -7 14 3 -23 -2 4 -3 -7 1 -2 -13 -9 1 12 -9 -11 23 -1 -5 6 2 -7 13 17 -16 -14 1 4 -2 
15 1 14 -2 8 -5 13 2 18 -3 -10 0 1 -16 11 -13 14 -5 18 5 9 -4 -23 -6 1 1 -15 -9 -4 -9 13 -15 -9 -1 -1 -5 8 8 -3 2 3 2 11 7 0 2 0 0 -8 -9 -11 -2 -9 13 -1 16 13 0 -9 -13 1 0 -12 -9 -8 10 6 4 -15 -14 0 -6 1 15 -1 -10 
Type Map:
0 0 0 0 0 0 0 0 0 0 0 0 0 0 0 0 0 0 0 0 0 0 0 0 0 0 0 0 0 0 0 0 0 0 0 0 0 0 0 0 0 0 0 0 0 0 0 0 0 0 0 0 0 0 0 0 0 0 0 0 0 0 0 0 0 0 0 0 0 0 0 0 0 0 0 0 0 0 
0 h h h h h h p n h h h n n h h n h z h h n n h h n h p n h h p h h h n h n h p p n p h h p n h h h n z p n h z n h p n n h z n h n n p p h p n h n n h p 0 
0 p p n z h z p p p p p n p n h n p p p p p n n n n n n n n n p n p n p n p p p h p p p p p p p p n z p n p p p p p n n n n n h n n z n p n p n p z p p n 0 
0 p n h p p n p p p z n h p h p n p p n p p p p z p p h p p p p p n n n p p p n n n n h p n n n n n p n n n p n n p p n p n n n n p n p n n n h p n p p z 0 
0 n p p p p p n n n p p p n p p n p p z n n p p p p n p p n p n p z n n n n p p p h p p n n p p n p p n p n p n n n p p p h n p p p n p n n z n p n p p n 0 
0 p n p n n p p p p n n n p n p n p n p n p p n n p n n n n p h n p n p n p n n p z n n p p p n n p p p n n p n z n z p n n p p n p n p p n p p p p p p z 0 
0 n n p n n p p n p n n n p p n n p p n n n p p p p n n h n p n n n p p n n n p p n n p p n p n n n p p n n h p n n n p p p p n n n n p n p n p p n n n p 0 
0 h z p n n p n p z n n p n p p p n p n n n n n p p p p n p p n p p p n n n h p p n n p p n n n p p p p p n n n n z p n n z p p p n p n n n z p n n n p p 0 
0 z p n n p p n p p p p p n z n n p p p p n p p n p n n n h p n p p n p p n n h n n p n n n p p n n n n p p p p p p n p n n p z p p n p p p p n p p z p p 0 
0 p n p p z n n n p n z n n n p p p n p n p p n p n p p p n p p n p p p n p p n p n p n p n z n n n n p p n p n p n p p n p n n z n n z p p p p p p p p n 0 
0 p p n n p p n n n n n h n p p n n n n n p p z p p p p n p p p p p p n n p p p p n p n p n n n n p n n n n n n p n n p p h p p p n n n p p p n n n n n p 0 
0 p p n z n p n n n n p p n p p p n n p p p p n n p n p p p n z p p p z n n n p n n n p n n n n n n n p p p p p p p p p p p z p p n z n n p p n p n p p p 0 
0 n p n n p p p n n p p p p p p p p n n n n p p n n p p n p p p n n n n n n n n n p p n p n n p p p n z p p n n n n n n p n p n n n p p n n n p n p p p n 0 
0 n p n z n n n p n p n p n p p n n n p n n p n n p n p z p p n p p n p p n n p p n n z p z n n n p n p p p n n p n n p p n p n n n p p n p p p n p p n p 0 
0 p n p p n n n n n p n p n p n n p n n p n n z p z p p n p n n n n p p p p p n n p n p n p n p z p n p n p p n n p n n p p n n p p p n n n n p p n z n n 0 
0 p p z p n n n n n n n p p z p p n p n p z n z p n n p n p n n p p p p p n p n n p n n n n n n n p p p z p n z p n p p n p n n p n n n p p p p z p z n p 0 
0 p n n p p p p p p n n n n n n n p p p n p p p p p p p p p n n p n n p n n p n n p p n p n p p n z n n n n n p p z p p n p n p p z p p p p p n p n n n p 0 
0 p p p p n p n p z z p p n z p n n n p p p p p n n p p n p p n p z n p n n p p p p n p n p n n p p n p p p n n p p n p p n p p n n p p n p n n p n p p p 0 
0 n n p p n p n p p p n p n p p n n p p n n p n n n n p p n z n p n p n n p p n p z p p n n p p p n n p p n p p n p n p p n n n p p p n p p n n n p p p p 0 
0 n n h n n n p p n n p p p p n p p n n n p n p p n n p z n n p p n p n p p n n h n n n p p p p p p n p n p n n n n p n n p n p n p n n z p n p p p p p n 0 
0 n p n p n p p n p p p n n p p n p n n n p n n n p n p p p p p p n n n p p n p p p n p p n p n p n p n n n p n n p p n p n p n n n p p p n n p n p p n p 0 
0 p p p p n n n p p n p p n p p p p p n n n n n n n p n n n p p n n n n n n p p p p p n n p p n p p z p n n p p p n n n n p n p n n n p p n n n z p n p p 0 
0 n p p n p z p p n p n n n p p p p n n n n n p z p p p p p n n n p n p n p n n p n p p p p p p n n n p p n p n n z p p p p p p p n z n n p n p p n n n p 0 
0 p n n n p p p n p n n p n p n p n n n n n n p p p p z p p p p n n p p p p p n p p n p p n n p n p n p p p n p n p n n p p p n n p p n p n n p p n p p n 0 
0 n n p p p n p p p p n n n n n n p p p n n n p p n n n p n p n p p n p n n n n p p p p p p p p n p n p p n p n p p n n p n p n n p p n n p p n p n n n n 0 
0 n n n p n n p p p p n p n p z n n p n n p n p p p p n p p n n n p n p p n n n n p n n n n n p p p p n p n n p p n p n p p p p n n p n p n n p p p n n n 0 
0 p n p n n n n n p p n n p p p n n z n z p n n n n n n n p p n n n n n n p p n p n n p p n p n n p p p n p p p n p z n n p n n n n n p p z n n n n p p p 0 
0 n n n p p p n n n n n n n n n p p p p p n p p n n n p p p n p n p p p n p p n n p p p p n p p p n n n n n z p p p n p n n n n n n p p p n p p z n p p p 0 
0 n n p n p n n n n n p p p p n n n z p p n p n n n p n n p p p p n n p n n n n p n p n n z n p n p p p n n n p p p n n n p n n p n p n p p h n p n n n n 0 
0 p n p p n n p p p n p n n n p n z n p n n n p p p n n p n n n p n p p n p n p p p n n p p p n p p n n z n p n p n n n n p p n z p n n n p n p p n n p p 0 
0 p n p n n n n p n n n p p n n n n n n p p p p p p p p n p p n n p p p n p p n p n n n n p n n n p p n p n n p p p p p p p p p n n p p n n n p p n p p n 0 
0 p p n p n p n n p p p n p n p p n p p p n p p n n p p n p n n p p p n p n p n n p n p n n p n z p n n z p z p n p n p p n n p p n p n n p p n p p n n n 0 
0 n p p p n z z p p z n p p p n n n p p p p n n p n n z n p p p n p n p n p n p p p n p p n p p n p n p n n p p p p p n n p n n n p p n p p n p n z p n p 0 
0 p p n p n p p p p p n p p n p n n p n p n n n n p n p n n n n p n n n p p p n z p n p p p p p p p n p p n p p p p n n n n p n p n n n n p p n p p p p n 0 
0 z p n n n n p p p n n z p n n n p n p n p p p p n n n n p p z p n n p n p n p n n n n p p p n n p p p n n p p p p p p p p n n n p p p p z n n n n n n p 0 
0 n p p p p p n n p n n p p p p n p n p n n p p p p z n p p p n n p z p z n p p p n p p p n n n n n p p n n n n p n p p p p p n n n n p n p p n p p n p p 0 
0 p p n p p p p n p n n p n n p p p p n p n p n n n p p p n z n p p n p p p n p n p z p p n p p p p p p p p p p n p n n n n p p p p p n n p p n p p n n p 0 
0 p p p p p z p p p p p n n p n p p n n p n n n p n n n p n p p p z p n p n z n p n p p n p n p n z n n n n p n p p n n n p p n n p n n p p n p n n n z n 0 
0 n p p p n p p p p p n p n n n n n p p n n n n p n p p n n p p n p n n n n n p p n n p p n p p p p n n n n n p n p n z p p n n p n n p p n n p n n z n p 0 
0 p p p p p p z n p p n n n n p n p p p p n n n n p n n n n p p n n p n p p n p z n p z p p p p p p p n n n p n p p p z n p z n n n p n p n n p p n p p n 0 
0 p n n n p n p p p z z n p n n n p p p p n n p p n n n p p p p n n n p p p p n n p p n p n p p n n p n n n p n p p n p p p z p n p p p n n n n p n p p n 0 
0 n z p p p n n n p n n n p n p n p p p n n n n p p p z p n p p p n p p n n n n p p p p n n n n p p p p p n p n z n n p n p p n p p n z p n n z n n p p n 0 
0 p n p p n p p p p n n p n p n n p p p n p p n n p n n n n p p p p n p n p p n p n n n p p p n n n p n p n p n p n z p n p p n n p n p p p p p p n p p p 0 
0 n p p n n n p n p n n n p p n n p n n n n n p p n n n n n p n p n p p n z n p p p n n p n p z n n p n n n p n n n n p p p p n p n n p n p n n p p n n p 0 
0 p p p n n n n p p p p p p n p p n n z n p n p p n p p n p p n p n p z n n p p p n n n p n z p n p n n p n n n n n n p n n p p p n n p p p n p n n n p p 0 
0 n p n n n p n z n n p p n p p n n p p p n p p p p p p z n p n p p p p p n z p n n p n n p n n n p n p n n p p p p z p z p p z p p n p n n p p p p n z p 0 
0 p p p p n n n n p n n n n p n p p n p n p p p n n n n p p z p p p p n n p p n p p n n n n n n p n n n p z z n p n n p p p n n p n p n p p p p n n p p p 0 
0 z p p n p p n n p n n p n p p n n n p n n n n p n p p n p p p p p p n n p n p n n p n p n n n n p n p n n n n p n p n n p p p p n p p p p p n n n p n z 0 
0 n n n n p p n n n n n n n n p p n p p p p p n p n n p n p n n p n n n p n p n n z p n n n n n n n n n p p n p p p p p p n p p p n p n n n n n p z n p n 0 
0 n p n z p p p n n p p p p n p p n n p n n n p n n n p p n p p n p n n n p z p n p p p p n n p p p p p p p p n n n n p p n n z n p n p n n p z n p n n p 0 
0 z p p n n n p n n n p p p z n n p n p n n p n n p p p n p p p n p p p n n n p z p n n p n p p n n p n p p p n p n z p p n p n n p p n p n p p n n n n p 0 
0 p p p p n p n p n n n p n p n p p n n p p n p n p p p n p n z p n p p n z z p n p n n z p n n n p n p n n p n n p p n p p n p p p p n p p p p p n n n n 0 
0 p p n z n n n n n n n p n p n n n p n p p n p p n n p p n n p p p p p z n n p z n n p n n n n n p n p z z n n p p p n n p n n p n p p n z p p p p n n p 0 
0 n n p p p n p p p p n z n p z n p p p n p p p n p p p p n p p p n n p n n n n n p p z p n p p n n n n n n n p p n p n n p n p p p p p p p p n p n n n n 0 
0 p p n p n p n p n n p p n p p n n n p p p n p n p p p n p n n p n p p p p p n n p n p n p z n p p n n z p z p p p n n p n n p n n p n n p n p p p n n p 0 
0 p n p n p p n p p p n p n p p n n p n n p p z n n n p p p n n p n n n p p p n p n n p n p p p p p n p p n n p n p n p z n n n p p n p p n n p n p p p p 0 
0 n n p n n n z p p p p p n p n p p p n n p n n p n p p p n n p p p p p n p z n p n n n p n z n p p n p n p n p n n p p n p n n p p n n n p p p p p p p n 0 
0 n p n p n p p n n n p n n p n p n n n n p z n n p n p p p p p n n p n p p n p p p n p p n z p p n p z p p n n n p p n n n p n n n p p p n n n n p p p p 0 
0 p p p p p n p p p p p p n p p n p p p n n n n p n p n n p n p n n n n n n n p p p n p n p p p p p n n n p p p n n n z n n n p n n p z p n n n n n n p p 0 
0 n n p p p p n p n p p p n n p n p n z n n n p p p p p p n n n p p p p n n n p n n p n n p p p p n n p p p p n p n p p z p p p p p n n n n p n p n p n n 0 
0 p n n p n p p n n p n p p p p p n p n p n n p p p p p n n n p n n p p n p p n n p p p p n n n n p n p n p p p n p n n p p p n n p n n p n n p p n p p n 0 
0 p n p p p p p z p p n p p p p p p p p p n z p n n n p p p p p p p n p n n n n p p p n p n p p n n p n p n p p p n n n p n n n n p p p n p p n n p n n n 0 
0 p n n p n n p n n n n p p n n n n p n z p p p z n n p n p z n n n p n z n p n n p n n z p z n p p n p p n n n p n p n p n p z p p p n p n n n n n n p n 0 
0 n n p n n n n n p p n n p n p n p n n n n n p n n p n p z p p p n n n n p p p p n n n p n p p n n z n p n n n n n p n n p n p z n p p p n p n n n n n p 0 
0 n z n p n p p p n n n n p n p n p p p p n p p n p n n z p z p n p p p n p n p n p z p p n p p n n p n n n p p p p n p p n n n p p n p p n n p n n p p p 0 
0 n n p n p n n p n p n p p n p n n n p p p p n p p p p n p n n p n n p n n n n p n p p n p n n n p p n p n n p p z z p p n z n p p p n n p n n n n z n n 0 
0 n n p p n n p n p n p z p p n n p n p n n n p n z n z p n n n p n p p n n n n p p n n p p p p p n n p p n n n p n n n n n p z n p n n n n p p p n n n p 0 
0 n p p n z n n p n n n p p n n n n n n p z p p n n p n n p p p n n p n n p n p p n p n z p p n n p p n p n n n p p p p p n p p p n p n p n p n p p n p z 0 
0 p p n p n p n n p p p n n n p p n p p p n p p n n p p n p n n p p n n p n p n n p n p n p p n p p p n p p n p n p n p p n n p p p p n n n p p n p n p n 0 
0 p p p p n p p p p z n p n p p n n n z p p n n p p n n p p p p p n n n z p n p p p n p p n p p n p p p p n p n n p p n n p p n n n p n p p p n z n p z p 0 
0 p p z p n p p p p p p p n n p p n p p p n n n n p p p n n p n p p n p p p p p n p n p p n p p n p p z p p n p n p n n n n p p p n n n n p n p p p p p n 0 
0 n p n n p n p p p n n n n n n n n p p p p n p p p n n n p n p p n n p n n n h n n n p p p p p p p p p n n p n p n p p p p n z n p p p p p n n z n p n p 0 
0 n p p z p p n n n n n p p p n n n n p p z p p p p p n n p p p n p n p p n n p p p p p n n n n n z p p n n n n n p p p p p p n n p p p p z p n p p n p n 0 
0 p p z n n p p n p n n p z p p p p p n p n n z n p n p p p p n p p n n p p n p n n p p p n p p p n p n p n n p n p n p p n p p p p n n n p p n n p n n p 0 
0 p n n p p p p p n p z p n n n p n n p p n p n p p n n n n p p p n p n n z n n p n p p p p p p p n n p n p n n n n n n n p p n n n n n p p n p p n n p n 0 
0 p z p p n p n n p p n p p n n p p n p n n n p p n p p p n p n n p p n n n p p p n p p p z p p n p p n n p n n p n n n p p n n p n n p p n p p n n p p n 0 
0 p p p n p n p p p n n z p n p n p n p p p n n n p p n n n n p n n n n n p p n p p p p p z p z z n n n n n p n p p z n n p z n n n p p p n n z n p p n n 0 
0 0 0 0 0 0 0 0 0 0 0 0 0 0 0 0 0 0 0 0 0 0 0 0 0 0 0 0 0 0 0 0 0 0 0 0 0 0 0 0 0 0 0 0 0 0 0 0 0 0 0 0 0 0 0 0 0 0 0 0 0 0 0 0 0 0 0 0 0 0 0 0 0 0 0 0 0 0 
Treasure Value:
Average: -32537630.11
Median: -1.50
-29 -28 -27 -26 -25 -24 -23 -22 -21 -20 -19 -18 -17 -16 -15 -14 -13 -12 -11 -10 -9 -8 -7 -6 -5 -4 -3 -2 -1 0 1 2 3 4 5 6 7 8 9 10 11 12 13 14 15 16 17 18 19 20 21 22 23 24 25 26 27 28 29 30 31 
