Best Powers:
9
10
Best Positions:
(0,1)
(1,3)
Power Map:
-5 -9 6 -1 1 -4 -2 -1 -3 1 
9 7 6 -5 -10 -3 1 4 3 -6 
-4 8 -7 -7 7 -10 7 6 6 -1 
-2 10 -2 -7 -2 -3 -4 5 -5 -5 
-7 -6 -2 -2 4 -8 -9 1 -3 -10 
-3 8 -10 4 -6 2 3 3 7 2 
-2 7 5 1 -5 -3 4 -5 -8 6 
-1 6 -6 -1 6 2 4 -8 -7 0 
5 -1 -3 4 -4 -9 6 6 -3 8 
2 7 10 -1 2 -2 4 6 8 1 
Type Map:
0 0 0 0 0 0 0 0 0 0 0 0 
0 n n p n p n n n n p 0 
0 h p p n n n p p p n 0 
0 n p n n p n p p p n 0 
0 n h n n n n n p n n 0 
0 n n n n p n n p n n 0 
0 n p n p n p p p p p 0 
0 n p p p n n p n n p 0 
0 n p n n p p p n n z 0 
0 p n n p n n p p n p 0 
0 p p p n p n p p p p 0 
0 0 0 0 0 0 0 0 0 0 0 0 
Treasure Value:
Average: 9.50
Median: 9.50
10 
